2026-05-15 01:25:17 | INFO | debug script start
2026-05-15 01:25:17 | INFO | argv=['debug_detector_pipeline.py', '--mode', 'video', '--skip-converter']
2026-05-15 01:25:17 | INFO | log_path=./debug_logs/debug_detector_pipeline_20260515_012517.log
2026-05-15 01:25:17 | INFO | skip converter init
2026-05-15 01:25:17 | INFO | ===== sync probe start =====
2026-05-15 01:25:17 | INFO | capture.get_frame ok in 0.115s, current_frame=1, shape=(3000, 4096, 3)
2026-05-15 01:25:17 | INFO | sync get_frame[0] ok in 0.115s
2026-05-15 01:25:17 | INFO | infer input frame shape=(3000, 4096, 3)
2026-05-15 01:25:18 | INFO | track_infer cost 0.669s
2026-05-15 01:25:18 | INFO | classify_infer cost 0.072s
2026-05-15 01:25:18 | INFO | infer total cost 0.741s
2026-05-15 01:25:18 | INFO | sync infer[0] ok in 0.741s
2026-05-15 01:25:18 | INFO | sync probe frame 0 -> result_img=True results_len=4
2026-05-15 01:25:18 | INFO | capture.get_frame ok in 0.006s, current_frame=2, shape=(3000, 4096, 3)
2026-05-15 01:25:18 | INFO | sync get_frame[1] ok in 0.006s
2026-05-15 01:25:18 | INFO | infer input frame shape=(3000, 4096, 3)
2026-05-15 01:25:18 | INFO | track_infer cost 0.011s
2026-05-15 01:25:18 | INFO | classify_infer cost 0.004s
2026-05-15 01:25:18 | INFO | infer total cost 0.016s
2026-05-15 01:25:18 | INFO | sync infer[1] ok in 0.016s
2026-05-15 01:25:18 | INFO | sync probe frame 1 -> result_img=True results_len=4
2026-05-15 01:25:18 | INFO | capture.get_frame ok in 0.006s, current_frame=3, shape=(3000, 4096, 3)
2026-05-15 01:25:18 | INFO | sync get_frame[2] ok in 0.006s
2026-05-15 01:25:18 | INFO | infer input frame shape=(3000, 4096, 3)
2026-05-15 01:25:18 | INFO | track_infer cost 0.007s
2026-05-15 01:25:18 | INFO | classify_infer cost 0.004s
2026-05-15 01:25:18 | INFO | infer total cost 0.012s
2026-05-15 01:25:18 | INFO | sync infer[2] ok in 0.012s
2026-05-15 01:25:18 | INFO | sync probe frame 2 -> result_img=True results_len=4
2026-05-15 01:25:18 | INFO | ===== sync probe end =====
2026-05-15 01:25:18 | INFO | video rewound to frame 0 before async probe
2026-05-15 01:25:18 | INFO | ===== async probe start =====
2026-05-15 01:25:18 | INFO | detect_thread started
2026-05-15 01:25:18 | INFO | async poll thread_alive=True result_ready=False last_stage=infer:end last_frame_index=3
2026-05-15 01:25:18 | INFO | capture.get_frame ok in 0.052s, current_frame=1, shape=(3000, 4096, 3)
2026-05-15 01:25:18 | INFO | infer input frame shape=(3000, 4096, 3)
2026-05-15 01:25:18 | INFO | track_infer cost 0.030s
2026-05-15 01:25:18 | INFO | classify_infer cost 0.021s
2026-05-15 01:25:18 | INFO | infer total cost 0.051s
2026-05-15 01:25:18 | INFO | capture.get_frame ok in 0.006s, current_frame=2, shape=(3000, 4096, 3)
2026-05-15 01:25:18 | INFO | infer input frame shape=(3000, 4096, 3)
2026-05-15 01:25:18 | INFO | track_infer cost 0.007s
2026-05-15 01:25:18 | INFO | classify_infer cost 0.004s
2026-05-15 01:25:18 | INFO | infer total cost 0.012s
2026-05-15 01:25:18 | INFO | capture.get_frame ok in 0.006s, current_frame=3, shape=(3000, 4096, 3)
2026-05-15 01:25:18 | INFO | infer input frame shape=(3000, 4096, 3)
2026-05-15 01:25:18 | INFO | track_infer cost 0.007s
2026-05-15 01:25:18 | INFO | classify_infer cost 0.004s
2026-05-15 01:25:18 | INFO | infer total cost 0.011s
2026-05-15 01:25:18 | INFO | capture.get_frame ok in 0.006s, current_frame=4, shape=(3000, 4096, 3)
2026-05-15 01:25:18 | INFO | infer input frame shape=(3000, 4096, 3)
2026-05-15 01:25:18 | INFO | track_infer cost 0.007s
2026-05-15 01:25:18 | INFO | classify_infer cost 0.004s
2026-05-15 01:25:18 | INFO | infer total cost 0.011s
2026-05-15 01:25:18 | INFO | capture.get_frame ok in 0.006s, current_frame=5, shape=(3000, 4096, 3)
2026-05-15 01:25:18 | INFO | infer input frame shape=(3000, 4096, 3)
2026-05-15 01:25:18 | INFO | track_infer cost 0.007s
2026-05-15 01:25:18 | INFO | classify_infer cost 0.004s
2026-05-15 01:25:18 | INFO | infer total cost 0.011s
2026-05-15 01:25:18 | INFO | capture.get_frame ok in 0.006s, current_frame=6, shape=(3000, 4096, 3)
2026-05-15 01:25:18 | INFO | infer input frame shape=(3000, 4096, 3)
2026-05-15 01:25:18 | INFO | track_infer cost 0.007s
2026-05-15 01:25:18 | INFO | classify_infer cost 0.004s
2026-05-15 01:25:18 | INFO | infer total cost 0.011s
2026-05-15 01:25:18 | INFO | capture.get_frame ok in 0.006s, current_frame=7, shape=(3000, 4096, 3)
2026-05-15 01:25:18 | INFO | infer input frame shape=(3000, 4096, 3)
2026-05-15 01:25:18 | INFO | async poll thread_alive=True result_ready=True last_stage=track_infer:start last_frame_index=7
2026-05-15 01:25:18 | INFO | async first result in 0.200s, result_img_shape=(3000, 4096, 3), results_len=4
2026-05-15 01:25:18 | INFO | track_infer cost 0.007s
2026-05-15 01:25:18 | INFO | classify_infer cost 0.004s
2026-05-15 01:25:18 | INFO | infer total cost 0.011s
2026-05-15 01:25:18 | INFO | detect_thread exited
2026-05-15 01:25:18 | INFO | ===== async probe end =====
2026-05-15 01:25:18 | INFO | async probe success, first_result_time=0.200s
2026-05-15 01:25:18 | INFO | ===== main loop probe start =====
2026-05-15 01:25:18 | INFO | loop 0 consume results_len=4
2026-05-15 01:25:18 | INFO | loop 1 consume results_len=4
2026-05-15 01:25:19 | INFO | loop 2 consume results_len=4
2026-05-15 01:25:19 | INFO | loop 3 consume results_len=4
2026-05-15 01:25:19 | INFO | loop 4 consume results_len=4
2026-05-15 01:25:19 | INFO | loop 5 consume results_len=4
2026-05-15 01:25:19 | INFO | loop 6 consume results_len=4
2026-05-15 01:25:20 | INFO | loop 7 consume results_len=4
2026-05-15 01:25:20 | INFO | loop 8 consume results_len=4
2026-05-15 01:25:20 | INFO | loop 9 consume results_len=4
2026-05-15 01:25:20 | INFO | loop 10 consume results_len=4
2026-05-15 01:25:20 | INFO | loop 11 consume results_len=4
2026-05-15 01:25:21 | INFO | loop 12 consume results_len=4
2026-05-15 01:25:21 | INFO | loop 13 consume results_len=4
2026-05-15 01:25:21 | INFO | loop 14 consume results_len=4
2026-05-15 01:25:21 | INFO | loop 15 consume results_len=4
2026-05-15 01:25:21 | INFO | loop 16 consume results_len=4
2026-05-15 01:25:22 | INFO | loop 17 consume results_len=4
2026-05-15 01:25:22 | INFO | loop 18 consume results_len=4
2026-05-15 01:25:22 | INFO | loop 19 consume results_len=4
2026-05-15 01:25:22 | INFO | main loop probe finished in 4.012s, none_count=0/20
2026-05-15 01:25:22 | INFO | ===== main loop probe end =====
2026-05-15 01:25:22 | INFO | debug script finished successfully
