[2026-07-07 19:56:04] [ROS] 节点已初始化: /radar_vision_main_618161_1783425364314
[2026-07-07 19:56:04] [ROS] 已订阅 /drone_field_xyz
[2026-07-07 19:56:04] [ROS] 已订阅 /radar/enemy/jam_key
[2026-07-07 19:56:04] [ROS] 已订阅 /radar/enemy/health_array
[2026-07-07 19:56:04] [ROS] 已发布 /messge/position
[2026-07-07 19:56:17] Messager start
[2026-07-07 19:56:17] Marked situation: [0, 0, 0, 0, 0, 0, 0]
[2026-07-07 19:56:17] have_double_effect_times: 0 , is_activating_double_effect: 0 , already_activate_double_effect_times: 0
[2026-07-07 19:56:17] Sent map info: [[0.0, 0.0], [0.0, 0.0], [2.39681, 2.36], [2.39681, 2.36], [0.5, 14.5], [2.39681, 2.36], [0.0, 0.0], [0.0, 0.0], [0.0, 0.0], [0.0, 0.0], [27.5, 0.5], [0.0, 0.0]]
[2026-07-07 19:56:17] Sent map infos: [[0.0, 0.0], [0.0, 0.0], [2.39681, 2.36], [2.39681, 2.36], [0.5, 14.5], [2.39681, 2.36], [0.0, 0.0], [0.0, 0.0], [0.0, 0.0], [0.0, 0.0], [27.5, 0.5], [0.0, 0.0]]
[2026-07-07 19:56:17] Marked situation: [0, 0, 0, 0, 0, 0, 0]
[2026-07-07 19:56:17] have_double_effect_times: 0 , is_activating_double_effect: 0 , already_activate_double_effect_times: 0
[2026-07-07 19:56:17] Marked situation: [0, 0, 0, 0, 0, 0, 0]
[2026-07-07 19:56:17] have_double_effect_times: 0 , is_activating_double_effect: 0 , already_activate_double_effect_times: 0
[2026-07-07 19:56:17] Sent map info: [[0.0, 0.0], [0.0, 0.0], [2.39681, 2.36], [2.39681, 2.36], [0.5, 14.5], [2.39681, 2.36], [0.0, 0.0], [0.0, 0.0], [0.0, 0.0], [0.0, 0.0], [27.5, 0.5], [0.0, 0.0]]
[2026-07-07 19:56:17] Sent map infos: [[0.0, 0.0], [0.0, 0.0], [2.39681, 2.36], [2.39681, 2.36], [0.5, 14.5], [2.39681, 2.36], [0.0, 0.0], [0.0, 0.0], [0.0, 0.0], [0.0, 0.0], [27.5, 0.5], [0.0, 0.0]]
[2026-07-07 19:56:17] Marked situation: [0, 0, 0, 0, 0, 0, 0]
[2026-07-07 19:56:17] have_double_effect_times: 0 , is_activating_double_effect: 0 , already_activate_double_effect_times: 0
[2026-07-07 19:56:17] Marked situation: [0, 0, 0, 0, 0, 0, 0]
[2026-07-07 19:56:17] have_double_effect_times: 0 , is_activating_double_effect: 0 , already_activate_double_effect_times: 0
[2026-07-07 19:56:17] Sent map info: [[0.0, 0.0], [0.0, 0.0], [2.39681, 2.36], [2.39681, 2.36], [0.5, 14.5], [2.39681, 2.36], [0.0, 0.0], [0.0, 0.0], [0.0, 0.0], [0.0, 0.0], [27.5, 0.5], [0.0, 0.0]]
[2026-07-07 19:56:17] Sent map infos: [[0.0, 0.0], [0.0, 0.0], [2.39681, 2.36], [2.39681, 2.36], [0.5, 14.5], [2.39681, 2.36], [0.0, 0.0], [0.0, 0.0], [0.0, 0.0], [0.0, 0.0], [27.5, 0.5], [0.0, 0.0]]
[2026-07-07 19:56:18] Marked situation: [0, 0, 0, 0, 0, 0, 0]
[2026-07-07 19:56:18] have_double_effect_times: 0 , is_activating_double_effect: 0 , already_activate_double_effect_times: 0
[2026-07-07 19:56:18] Marked situation: [0, 0, 0, 0, 0, 0, 0]
[2026-07-07 19:56:18] have_double_effect_times: 0 , is_activating_double_effect: 0 , already_activate_double_effect_times: 0
[2026-07-07 19:56:18] Sent map info: [[0.0, 0.0], [0.0, 0.0], [2.39681, 2.36], [2.39681, 2.36], [0.5, 14.5], [2.39681, 2.36], [0.0, 0.0], [0.0, 0.0], [0.0, 0.0], [0.0, 0.0], [27.5, 0.5], [0.0, 0.0]]
[2026-07-07 19:56:18] Sent map infos: [[0.0, 0.0], [0.0, 0.0], [2.39681, 2.36], [2.39681, 2.36], [0.5, 14.5], [2.39681, 2.36], [0.0, 0.0], [0.0, 0.0], [0.0, 0.0], [0.0, 0.0], [27.5, 0.5], [0.0, 0.0]]
[2026-07-07 19:56:18] Marked situation: [0, 0, 0, 0, 0, 0, 0]
[2026-07-07 19:56:18] have_double_effect_times: 0 , is_activating_double_effect: 0 , already_activate_double_effect_times: 0
[2026-07-07 19:56:18] Marked situation: [0, 0, 0, 0, 0, 0, 0]
[2026-07-07 19:56:18] have_double_effect_times: 0 , is_activating_double_effect: 0 , already_activate_double_effect_times: 0
[2026-07-07 19:56:18] Sent map info: [[0.0, 0.0], [0.0, 0.0], [2.39681, 2.36], [2.39681, 2.36], [0.5, 14.5], [2.39681, 2.36], [0.0, 0.0], [0.0, 0.0], [0.0, 0.0], [0.0, 0.0], [27.5, 0.5], [0.0, 0.0]]
[2026-07-07 19:56:18] Sent map infos: [[0.0, 0.0], [0.0, 0.0], [2.39681, 2.36], [2.39681, 2.36], [0.5, 14.5], [2.39681, 2.36], [0.0, 0.0], [0.0, 0.0], [0.0, 0.0], [0.0, 0.0], [27.5, 0.5], [0.0, 0.0]]
[2026-07-07 19:56:18] Marked situation: [0, 0, 0, 0, 0, 0, 0]
[2026-07-07 19:56:18] have_double_effect_times: 0 , is_activating_double_effect: 0 , already_activate_double_effect_times: 0
[2026-07-07 19:56:19] Marked situation: [0, 0, 0, 0, 0, 0, 0]
[2026-07-07 19:56:19] have_double_effect_times: 0 , is_activating_double_effect: 0 , already_activate_double_effect_times: 0
[2026-07-07 19:56:19] Sent map info: [[0.0, 0.0], [0.0, 0.0], [2.39681, 2.36], [2.39681, 2.36], [0.5, 14.5], [2.39681, 2.36], [0.0, 0.0], [0.0, 0.0], [0.0, 0.0], [0.0, 0.0], [27.5, 0.5], [0.0, 0.0]]
[2026-07-07 19:56:19] Sent map infos: [[0.0, 0.0], [0.0, 0.0], [2.39681, 2.36], [2.39681, 2.36], [0.5, 14.5], [2.39681, 2.36], [0.0, 0.0], [0.0, 0.0], [0.0, 0.0], [0.0, 0.0], [27.5, 0.5], [0.0, 0.0]]
[2026-07-07 19:56:19] Marked situation: [0, 0, 0, 0, 0, 0, 0]
[2026-07-07 19:56:19] have_double_effect_times: 0 , is_activating_double_effect: 0 , already_activate_double_effect_times: 0
[2026-07-07 19:56:19] Marked situation: [0, 0, 0, 0, 0, 0, 0]
[2026-07-07 19:56:19] have_double_effect_times: 0 , is_activating_double_effect: 0 , already_activate_double_effect_times: 0
[2026-07-07 19:56:19] Sent map info: [[0.0, 0.0], [0.0, 0.0], [2.39681, 2.36], [2.39681, 2.36], [0.5, 14.5], [2.39681, 2.36], [0.0, 0.0], [0.0, 0.0], [0.0, 0.0], [0.0, 0.0], [27.5, 0.5], [0.0, 0.0]]
[2026-07-07 19:56:19] Sent map infos: [[0.0, 0.0], [0.0, 0.0], [2.39681, 2.36], [2.39681, 2.36], [0.5, 14.5], [2.39681, 2.36], [0.0, 0.0], [0.0, 0.0], [0.0, 0.0], [0.0, 0.0], [27.5, 0.5], [0.0, 0.0]]
[2026-07-07 19:56:19] Marked situation: [0, 0, 0, 0, 0, 0, 0]
[2026-07-07 19:56:19] have_double_effect_times: 0 , is_activating_double_effect: 0 , already_activate_double_effect_times: 0
[2026-07-07 19:56:19] Marked situation: [0, 0, 0, 0, 0, 0, 0]
[2026-07-07 19:56:19] have_double_effect_times: 0 , is_activating_double_effect: 0 , already_activate_double_effect_times: 0
[2026-07-07 19:56:19] Sent map info: [[0.0, 0.0], [8.18471908569336, 6.123636245727539], [2.39681, 2.36], [2.39681, 2.36], [0.5, 14.5], [7.279218673706055, 5.046871662139893], [0.0, 0.0], [11.05317497253418, 10.526887893676758], [11.057304382324219, 10.522058486938477], [16.601189613342285, 6.5946478843688965], [27.5, 0.5], [0.0, 0.0]]
[2026-07-07 19:56:19] Sent map infos: [[0.0, 0.0], [8.18471908569336, 6.123636245727539], [2.39681, 2.36], [2.39681, 2.36], [0.5, 14.5], [7.279218673706055, 5.046871662139893], [0.0, 0.0], [11.05317497253418, 10.526887893676758], [11.057304382324219, 10.522058486938477], [16.601189613342285, 6.5946478843688965], [27.5, 0.5], [0.0, 0.0]]
[2026-07-07 19:56:20] Marked situation: [0, 0, 0, 0, 0, 0, 0]
[2026-07-07 19:56:20] have_double_effect_times: 0 , is_activating_double_effect: 0 , already_activate_double_effect_times: 0
[2026-07-07 19:56:20] Marked situation: [0, 0, 0, 0, 0, 0, 0]
[2026-07-07 19:56:20] have_double_effect_times: 0 , is_activating_double_effect: 0 , already_activate_double_effect_times: 0
[2026-07-07 19:56:20] Sent map info: [[0.0, 0.0], [8.198648452758789, 6.145630836486816], [2.39681, 2.36], [2.39681, 2.36], [0.5, 14.5], [7.197277069091797, 5.050997734069824], [0.0, 0.0], [10.788623809814453, 10.539543151855469], [10.857231140136719, 10.501104354858398], [16.640084266662598, 6.552332878112793], [27.5, 0.5], [0.0, 0.0]]
[2026-07-07 19:56:20] Sent map infos: [[0.0, 0.0], [8.198648452758789, 6.145630836486816], [2.39681, 2.36], [2.39681, 2.36], [0.5, 14.5], [7.197277069091797, 5.050997734069824], [0.0, 0.0], [10.788623809814453, 10.539543151855469], [10.857231140136719, 10.501104354858398], [16.640084266662598, 6.552332878112793], [27.5, 0.5], [0.0, 0.0]]
[2026-07-07 19:56:20] Marked situation: [0, 0, 0, 0, 0, 0, 0]
[2026-07-07 19:56:20] have_double_effect_times: 0 , is_activating_double_effect: 0 , already_activate_double_effect_times: 0
[2026-07-07 19:56:20] Marked situation: [0, 0, 0, 0, 0, 0, 0]
[2026-07-07 19:56:20] have_double_effect_times: 0 , is_activating_double_effect: 0 , already_activate_double_effect_times: 0
[2026-07-07 19:56:20] Sent map info: [[0.0, 0.0], [8.49631118774414, 5.95835542678833], [2.39681, 2.36], [2.39681, 2.36], [0.5, 14.5], [7.2286224365234375, 5.043008804321289], [0.0, 0.0], [10.61482048034668, 10.660354614257812], [10.857231140136719, 10.501104354858398], [16.591553688049316, 6.605131149291992], [27.5, 0.5], [0.0, 0.0]]
[2026-07-07 19:56:20] Sent map infos: [[0.0, 0.0], [8.49631118774414, 5.95835542678833], [2.39681, 2.36], [2.39681, 2.36], [0.5, 14.5], [7.2286224365234375, 5.043008804321289], [0.0, 0.0], [10.61482048034668, 10.660354614257812], [10.857231140136719, 10.501104354858398], [16.591553688049316, 6.605131149291992], [27.5, 0.5], [0.0, 0.0]]
[2026-07-07 19:56:20] Marked situation: [0, 0, 0, 0, 0, 0, 0]
[2026-07-07 19:56:20] have_double_effect_times: 0 , is_activating_double_effect: 0 , already_activate_double_effect_times: 0
[2026-07-07 19:56:21] Marked situation: [0, 0, 0, 0, 0, 0, 0]
[2026-07-07 19:56:21] have_double_effect_times: 0 , is_activating_double_effect: 0 , already_activate_double_effect_times: 0
[2026-07-07 19:56:21] Sent map info: [[0.0, 0.0], [8.662801742553711, 5.9711408615112305], [2.39681, 2.36], [2.39681, 2.36], [0.5, 14.5], [7.211956024169922, 5.070024490356445], [0.0, 0.0], [10.55300521850586, 10.733553886413574], [10.857231140136719, 10.501104354858398], [16.591169357299805, 6.655831336975098], [27.5, 0.5], [13.368012428283691, 7.165694713592529]]
[2026-07-07 19:56:21] Sent map infos: [[0.0, 0.0], [8.662801742553711, 5.9711408615112305], [2.39681, 2.36], [2.39681, 2.36], [0.5, 14.5], [7.211956024169922, 5.070024490356445], [0.0, 0.0], [10.55300521850586, 10.733553886413574], [10.857231140136719, 10.501104354858398], [16.591169357299805, 6.655831336975098], [27.5, 0.5], [13.368012428283691, 7.165694713592529]]
[2026-07-07 19:56:21] Marked situation: [0, 0, 0, 0, 0, 0, 0]
[2026-07-07 19:56:21] have_double_effect_times: 0 , is_activating_double_effect: 0 , already_activate_double_effect_times: 0
[2026-07-07 19:56:21] Marked situation: [0, 0, 0, 0, 0, 0, 0]
[2026-07-07 19:56:21] have_double_effect_times: 0 , is_activating_double_effect: 0 , already_activate_double_effect_times: 0
[2026-07-07 19:56:21] Sent map info: [[0.0, 0.0], [8.71243667602539, 5.98466682434082], [2.39681, 2.36], [2.39681, 2.36], [0.5, 14.5], [7.259160995483398, 5.036422252655029], [0.0, 0.0], [10.676612854003906, 10.6718111038208], [10.738649368286133, 10.6409330368042], [16.67133331298828, 6.518336296081543], [27.5, 0.5], [13.290599822998047, 7.164289951324463]]
[2026-07-07 19:56:21] Sent map infos: [[0.0, 0.0], [8.71243667602539, 5.98466682434082], [2.39681, 2.36], [2.39681, 2.36], [0.5, 14.5], [7.259160995483398, 5.036422252655029], [0.0, 0.0], [10.676612854003906, 10.6718111038208], [10.738649368286133, 10.6409330368042], [16.67133331298828, 6.518336296081543], [27.5, 0.5], [13.290599822998047, 7.164289951324463]]
[2026-07-07 19:56:21] Marked situation: [0, 0, 0, 0, 0, 0, 0]
[2026-07-07 19:56:21] have_double_effect_times: 0 , is_activating_double_effect: 0 , already_activate_double_effect_times: 0
[2026-07-07 19:56:21] Marked situation: [0, 0, 0, 0, 0, 0, 0]
[2026-07-07 19:56:21] have_double_effect_times: 0 , is_activating_double_effect: 0 , already_activate_double_effect_times: 0
[2026-07-07 19:56:21] Sent map info: [[0.0, 0.0], [8.742057800292969, 5.984429836273193], [2.39681, 2.36], [2.39681, 2.36], [0.5, 14.5], [7.190006256103516, 5.0627970695495605], [0.0, 0.0], [10.676612854003906, 10.6718111038208], [10.84756851196289, 10.51249885559082], [16.66944694519043, 6.570796012878418], [27.5, 0.5], [13.343938827514648, 7.1474690437316895]]
[2026-07-07 19:56:21] Sent map infos: [[0.0, 0.0], [8.742057800292969, 5.984429836273193], [2.39681, 2.36], [2.39681, 2.36], [0.5, 14.5], [7.190006256103516, 5.0627970695495605], [0.0, 0.0], [10.676612854003906, 10.6718111038208], [10.84756851196289, 10.51249885559082], [16.66944694519043, 6.570796012878418], [27.5, 0.5], [13.343938827514648, 7.1474690437316895]]
[2026-07-07 19:56:22] Marked situation: [0, 0, 0, 0, 0, 0, 0]
[2026-07-07 19:56:22] have_double_effect_times: 0 , is_activating_double_effect: 0 , already_activate_double_effect_times: 0
[2026-07-07 19:56:22] Marked situation: [0, 0, 0, 0, 0, 0, 0]
[2026-07-07 19:56:22] have_double_effect_times: 0 , is_activating_double_effect: 0 , already_activate_double_effect_times: 0
[2026-07-07 19:56:22] Sent map info: [[0.0, 0.0], [8.547893524169922, 5.9681525230407715], [2.39681, 2.36], [2.39681, 2.36], [0.5, 14.5], [7.229440689086914, 5.041684150695801], [0.0, 0.0], [10.812515258789062, 10.468804359436035], [10.807479858398438, 10.389640808105469], [16.68962287902832, 6.498438835144043], [27.5, 0.5], [13.282962799072266, 7.173422813415527]]
[2026-07-07 19:56:22] Sent map infos: [[0.0, 0.0], [8.547893524169922, 5.9681525230407715], [2.39681, 2.36], [2.39681, 2.36], [0.5, 14.5], [7.229440689086914, 5.041684150695801], [0.0, 0.0], [10.812515258789062, 10.468804359436035], [10.807479858398438, 10.389640808105469], [16.68962287902832, 6.498438835144043], [27.5, 0.5], [13.282962799072266, 7.173422813415527]]
[2026-07-07 19:56:22] Marked situation: [0, 0, 0, 0, 0, 0, 0]
[2026-07-07 19:56:22] have_double_effect_times: 0 , is_activating_double_effect: 0 , already_activate_double_effect_times: 0
[2026-07-07 19:56:22] Marked situation: [0, 0, 0, 0, 0, 0, 0]
[2026-07-07 19:56:22] have_double_effect_times: 0 , is_activating_double_effect: 0 , already_activate_double_effect_times: 0
[2026-07-07 19:56:22] Sent map info: [[0.0, 0.0], [8.397178649902344, 6.106411933898926], [2.39681, 2.36], [2.39681, 2.36], [0.5, 14.5], [7.196626663208008, 5.052053928375244], [0.0, 0.0], [10.812515258789062, 10.468804359436035], [10.804166793823242, 10.308357238769531], [16.740782737731934, 6.341645240783691], [27.5, 0.5], [13.151287078857422, 7.330883026123047]]
[2026-07-07 19:56:22] Sent map infos: [[0.0, 0.0], [8.397178649902344, 6.106411933898926], [2.39681, 2.36], [2.39681, 2.36], [0.5, 14.5], [7.196626663208008, 5.052053928375244], [0.0, 0.0], [10.812515258789062, 10.468804359436035], [10.804166793823242, 10.308357238769531], [16.740782737731934, 6.341645240783691], [27.5, 0.5], [13.151287078857422, 7.330883026123047]]
[2026-07-07 19:56:22] Marked situation: [0, 0, 0, 0, 0, 0, 0]
[2026-07-07 19:56:22] have_double_effect_times: 0 , is_activating_double_effect: 0 , already_activate_double_effect_times: 0
[2026-07-07 19:56:23] Marked situation: [0, 0, 0, 0, 0, 0, 0]
[2026-07-07 19:56:23] have_double_effect_times: 0 , is_activating_double_effect: 0 , already_activate_double_effect_times: 0
[2026-07-07 19:56:23] Sent map info: [[0.0, 0.0], [8.245323181152344, 6.118438243865967], [2.39681, 2.36], [2.39681, 2.36], [0.5, 14.5], [7.225734710693359, 5.047690391540527], [0.0, 0.0], [10.812515258789062, 10.468804359436035], [10.874658584594727, 10.224532127380371], [16.58620262145996, 6.610952377319336], [27.5, 0.5], [13.125899314880371, 7.6403985023498535]]
[2026-07-07 19:56:23] Sent map infos: [[0.0, 0.0], [8.245323181152344, 6.118438243865967], [2.39681, 2.36], [2.39681, 2.36], [0.5, 14.5], [7.225734710693359, 5.047690391540527], [0.0, 0.0], [10.812515258789062, 10.468804359436035], [10.874658584594727, 10.224532127380371], [16.58620262145996, 6.610952377319336], [27.5, 0.5], [13.125899314880371, 7.6403985023498535]]
[2026-07-07 19:56:23] Marked situation: [0, 0, 0, 0, 0, 0, 0]
[2026-07-07 19:56:23] have_double_effect_times: 0 , is_activating_double_effect: 0 , already_activate_double_effect_times: 0
[2026-07-07 19:56:23] Marked situation: [0, 0, 0, 0, 0, 0, 0]
[2026-07-07 19:56:23] have_double_effect_times: 0 , is_activating_double_effect: 0 , already_activate_double_effect_times: 0
[2026-07-07 19:56:23] Sent map info: [[0.0, 0.0], [8.2232666015625, 6.108587741851807], [2.39681, 2.36], [2.39681, 2.36], [0.5, 14.5], [7.1741790771484375, 5.045675754547119], [0.0, 0.0], [10.812515258789062, 10.468804359436035], [11.764068603515625, 10.35112190246582], [16.666985511779785, 6.825023174285889], [27.5, 0.5], [13.082925796508789, 7.8303303718566895]]
[2026-07-07 19:56:23] Sent map infos: [[0.0, 0.0], [8.2232666015625, 6.108587741851807], [2.39681, 2.36], [2.39681, 2.36], [0.5, 14.5], [7.1741790771484375, 5.045675754547119], [0.0, 0.0], [10.812515258789062, 10.468804359436035], [11.764068603515625, 10.35112190246582], [16.666985511779785, 6.825023174285889], [27.5, 0.5], [13.082925796508789, 7.8303303718566895]]
[2026-07-07 19:56:23] Marked situation: [0, 0, 0, 0, 0, 0, 0]
[2026-07-07 19:56:23] have_double_effect_times: 0 , is_activating_double_effect: 0 , already_activate_double_effect_times: 0
[2026-07-07 19:56:23] Marked situation: [0, 0, 0, 0, 0, 0, 0]
[2026-07-07 19:56:23] have_double_effect_times: 0 , is_activating_double_effect: 0 , already_activate_double_effect_times: 0
[2026-07-07 19:56:23] Sent map info: [[0.0, 0.0], [8.325693130493164, 6.083950042724609], [2.39681, 2.36], [2.39681, 2.36], [0.5, 14.5], [7.2023468017578125, 5.042768478393555], [0.0, 0.0], [10.812515258789062, 10.468804359436035], [12.935652732849121, 10.626908302307129], [16.666985511779785, 6.825023174285889], [27.5, 0.5], [13.004260063171387, 7.923222064971924]]
[2026-07-07 19:56:23] Sent map infos: [[0.0, 0.0], [8.325693130493164, 6.083950042724609], [2.39681, 2.36], [2.39681, 2.36], [0.5, 14.5], [7.2023468017578125, 5.042768478393555], [0.0, 0.0], [10.812515258789062, 10.468804359436035], [12.935652732849121, 10.626908302307129], [16.666985511779785, 6.825023174285889], [27.5, 0.5], [13.004260063171387, 7.923222064971924]]
[2026-07-07 19:56:24] Marked situation: [0, 0, 0, 0, 0, 0, 0]
[2026-07-07 19:56:24] have_double_effect_times: 0 , is_activating_double_effect: 0 , already_activate_double_effect_times: 0
[2026-07-07 19:56:24] Marked situation: [0, 0, 0, 0, 0, 0, 0]
[2026-07-07 19:56:24] have_double_effect_times: 0 , is_activating_double_effect: 0 , already_activate_double_effect_times: 0
[2026-07-07 19:56:24] Sent map info: [[0.0, 0.0], [8.390811920166016, 6.115921974182129], [2.39681, 2.36], [2.39681, 2.36], [0.5, 14.5], [7.224813461303711, 5.0491838455200195], [0.0, 0.0], [10.812515258789062, 10.468804359436035], [14.332975387573242, 11.043442726135254], [16.524354934692383, 6.628032684326172], [27.5, 0.5], [13.163457870483398, 8.105626106262207]]
[2026-07-07 19:56:24] Sent map infos: [[0.0, 0.0], [8.390811920166016, 6.115921974182129], [2.39681, 2.36], [2.39681, 2.36], [0.5, 14.5], [7.224813461303711, 5.0491838455200195], [0.0, 0.0], [10.812515258789062, 10.468804359436035], [14.332975387573242, 11.043442726135254], [16.524354934692383, 6.628032684326172], [27.5, 0.5], [13.163457870483398, 8.105626106262207]]
[2026-07-07 19:56:24] Marked situation: [0, 0, 0, 0, 0, 0, 0]
[2026-07-07 19:56:24] have_double_effect_times: 0 , is_activating_double_effect: 0 , already_activate_double_effect_times: 0
[2026-07-07 19:56:24] Marked situation: [0, 0, 0, 0, 0, 0, 0]
[2026-07-07 19:56:24] have_double_effect_times: 0 , is_activating_double_effect: 0 , already_activate_double_effect_times: 0
[2026-07-07 19:56:24] Sent map info: [[0.0, 0.0], [8.363788604736328, 6.113163948059082], [2.39681, 2.36], [2.39681, 2.36], [0.5, 14.5], [7.265077590942383, 5.069738388061523], [0.0, 0.0], [10.812515258789062, 10.468804359436035], [15.551559448242188, 11.441314697265625], [16.634982109069824, 6.809335708618164], [27.5, 0.5], [13.358548164367676, 8.387655258178711]]
[2026-07-07 19:56:24] Sent map infos: [[0.0, 0.0], [8.363788604736328, 6.113163948059082], [2.39681, 2.36], [2.39681, 2.36], [0.5, 14.5], [7.265077590942383, 5.069738388061523], [0.0, 0.0], [10.812515258789062, 10.468804359436035], [15.551559448242188, 11.441314697265625], [16.634982109069824, 6.809335708618164], [27.5, 0.5], [13.358548164367676, 8.387655258178711]]
[2026-07-07 19:56:24] Marked situation: [0, 0, 0, 0, 0, 0, 0]
[2026-07-07 19:56:24] have_double_effect_times: 0 , is_activating_double_effect: 0 , already_activate_double_effect_times: 0
[2026-07-07 19:56:25] Marked situation: [0, 0, 0, 0, 0, 0, 0]
[2026-07-07 19:56:25] have_double_effect_times: 0 , is_activating_double_effect: 0 , already_activate_double_effect_times: 0
[2026-07-07 19:56:25] Sent map info: [[0.0, 0.0], [8.46505355834961, 5.918396949768066], [2.39681, 2.36], [2.39681, 2.36], [0.5, 14.5], [7.221658706665039, 5.0542988777160645], [0.0, 0.0], [10.812515258789062, 10.468804359436035], [15.513849258422852, 12.031713485717773], [16.510939598083496, 6.4416046142578125], [27.5, 0.5], [13.883176803588867, 8.533663749694824]]
[2026-07-07 19:56:25] Sent map infos: [[0.0, 0.0], [8.46505355834961, 5.918396949768066], [2.39681, 2.36], [2.39681, 2.36], [0.5, 14.5], [7.221658706665039, 5.0542988777160645], [0.0, 0.0], [10.812515258789062, 10.468804359436035], [15.513849258422852, 12.031713485717773], [16.510939598083496, 6.4416046142578125], [27.5, 0.5], [13.883176803588867, 8.533663749694824]]
[2026-07-07 19:56:25] Marked situation: [0, 0, 0, 0, 0, 0, 0]
[2026-07-07 19:56:25] have_double_effect_times: 0 , is_activating_double_effect: 0 , already_activate_double_effect_times: 0
[2026-07-07 19:56:25] Marked situation: [0, 0, 0, 0, 0, 0, 0]
[2026-07-07 19:56:25] have_double_effect_times: 0 , is_activating_double_effect: 0 , already_activate_double_effect_times: 0
[2026-07-07 19:56:25] Sent map info: [[0.0, 0.0], [8.638469696044922, 5.789639472961426], [2.39681, 2.36], [2.39681, 2.36], [0.5, 14.5], [7.23927116394043, 5.0686235427856445], [0.0, 0.0], [10.812515258789062, 10.468804359436035], [15.941239356994629, 12.600204467773438], [16.606014251708984, 6.08464241027832], [27.5, 0.5], [14.060688018798828, 8.66165828704834]]
[2026-07-07 19:56:25] Sent map infos: [[0.0, 0.0], [8.638469696044922, 5.789639472961426], [2.39681, 2.36], [2.39681, 2.36], [0.5, 14.5], [7.23927116394043, 5.0686235427856445], [0.0, 0.0], [10.812515258789062, 10.468804359436035], [15.941239356994629, 12.600204467773438], [16.606014251708984, 6.08464241027832], [27.5, 0.5], [14.060688018798828, 8.66165828704834]]
[2026-07-07 19:56:25] Marked situation: [0, 0, 0, 0, 0, 0, 0]
[2026-07-07 19:56:25] have_double_effect_times: 0 , is_activating_double_effect: 0 , already_activate_double_effect_times: 0
[2026-07-07 19:56:25] Marked situation: [0, 0, 0, 0, 0, 0, 0]
[2026-07-07 19:56:25] have_double_effect_times: 0 , is_activating_double_effect: 0 , already_activate_double_effect_times: 0
[2026-07-07 19:56:25] Sent map info: [[2.9944095611572266, 4.078360557556152], [8.74605941772461, 5.716664791107178], [2.39681, 2.36], [2.39681, 2.36], [0.5, 14.5], [7.243366241455078, 5.061993598937988], [0.0, 0.0], [10.812515258789062, 10.468804359436035], [17.106858253479004, 12.71909236907959], [16.54231357574463, 6.154967784881592], [27.5, 0.5], [13.561120986938477, 9.079485893249512]]
[2026-07-07 19:56:25] Sent map infos: [[2.9944095611572266, 4.078360557556152], [8.74605941772461, 5.716664791107178], [2.39681, 2.36], [2.39681, 2.36], [0.5, 14.5], [7.243366241455078, 5.061993598937988], [0.0, 0.0], [10.812515258789062, 10.468804359436035], [17.106858253479004, 12.71909236907959], [16.54231357574463, 6.154967784881592], [27.5, 0.5], [13.561120986938477, 9.079485893249512]]
[2026-07-07 19:56:26] Marked situation: [0, 0, 0, 0, 0, 0, 0]
[2026-07-07 19:56:26] have_double_effect_times: 0 , is_activating_double_effect: 0 , already_activate_double_effect_times: 0
[2026-07-07 19:56:26] Marked situation: [0, 0, 0, 0, 0, 0, 0]
[2026-07-07 19:56:26] have_double_effect_times: 0 , is_activating_double_effect: 0 , already_activate_double_effect_times: 0
[2026-07-07 19:56:26] Sent map info: [[3.363056182861328, 3.970186710357666], [8.754217147827148, 5.704526424407959], [2.39681, 2.36], [2.39681, 2.36], [0.5, 14.5], [7.1558380126953125, 5.075477600097656], [0.0, 0.0], [10.812515258789062, 10.468804359436035], [18.260221481323242, 12.434535026550293], [16.732608795166016, 5.5882720947265625], [27.5, 0.5], [13.463872909545898, 9.325353622436523]]
[2026-07-07 19:56:26] Sent map infos: [[3.363056182861328, 3.970186710357666], [8.754217147827148, 5.704526424407959], [2.39681, 2.36], [2.39681, 2.36], [0.5, 14.5], [7.1558380126953125, 5.075477600097656], [0.0, 0.0], [10.812515258789062, 10.468804359436035], [18.260221481323242, 12.434535026550293], [16.732608795166016, 5.5882720947265625], [27.5, 0.5], [13.463872909545898, 9.325353622436523]]
[2026-07-07 19:56:26] Marked situation: [0, 0, 0, 0, 0, 0, 0]
[2026-07-07 19:56:26] have_double_effect_times: 0 , is_activating_double_effect: 0 , already_activate_double_effect_times: 0
[2026-07-07 19:56:26] Marked situation: [0, 0, 0, 0, 0, 0, 0]
[2026-07-07 19:56:26] have_double_effect_times: 0 , is_activating_double_effect: 0 , already_activate_double_effect_times: 0
[2026-07-07 19:56:26] Sent map info: [[3.141521453857422, 4.498658657073975], [8.717575073242188, 5.715359687805176], [2.39681, 2.36], [2.39681, 2.36], [0.5, 14.5], [7.259342193603516, 5.079013347625732], [0.0, 0.0], [10.812515258789062, 10.468804359436035], [19.5070161819458, 12.01661205291748], [16.97173309326172, 5.11555814743042], [27.5, 0.5], [13.766201972961426, 9.678902626037598]]
[2026-07-07 19:56:26] Sent map infos: [[3.141521453857422, 4.498658657073975], [8.717575073242188, 5.715359687805176], [2.39681, 2.36], [2.39681, 2.36], [0.5, 14.5], [7.259342193603516, 5.079013347625732], [0.0, 0.0], [10.812515258789062, 10.468804359436035], [19.5070161819458, 12.01661205291748], [16.97173309326172, 5.11555814743042], [27.5, 0.5], [13.766201972961426, 9.678902626037598]]
[2026-07-07 19:56:26] Marked situation: [0, 0, 0, 0, 0, 0, 0]
[2026-07-07 19:56:26] have_double_effect_times: 0 , is_activating_double_effect: 0 , already_activate_double_effect_times: 0
[2026-07-07 19:56:27] Marked situation: [0, 0, 0, 0, 0, 0, 0]
[2026-07-07 19:56:27] have_double_effect_times: 0 , is_activating_double_effect: 0 , already_activate_double_effect_times: 0
[2026-07-07 19:56:27] Sent map info: [[2.771961212158203, 5.167008876800537], [8.770355224609375, 5.724274158477783], [2.39681, 2.36], [2.39681, 2.36], [0.5, 14.5], [7.1910247802734375, 5.1039557456970215], [0.0, 0.0], [10.812515258789062, 10.468804359436035], [19.83609390258789, 11.941911697387695], [16.90361976623535, 4.6240034103393555], [27.5, 0.5], [13.77674388885498, 9.85036849975586]]
[2026-07-07 19:56:27] Sent map infos: [[2.771961212158203, 5.167008876800537], [8.770355224609375, 5.724274158477783], [2.39681, 2.36], [2.39681, 2.36], [0.5, 14.5], [7.1910247802734375, 5.1039557456970215], [0.0, 0.0], [10.812515258789062, 10.468804359436035], [19.83609390258789, 11.941911697387695], [16.90361976623535, 4.6240034103393555], [27.5, 0.5], [13.77674388885498, 9.85036849975586]]
[2026-07-07 19:56:27] Marked situation: [0, 0, 0, 0, 0, 0, 0]
[2026-07-07 19:56:27] have_double_effect_times: 0 , is_activating_double_effect: 0 , already_activate_double_effect_times: 0
[2026-07-07 19:56:27] Marked situation: [0, 0, 0, 0, 0, 0, 0]
[2026-07-07 19:56:27] have_double_effect_times: 0 , is_activating_double_effect: 0 , already_activate_double_effect_times: 0
[2026-07-07 19:56:27] Sent map info: [[2.636445999145508, 5.402516841888428], [8.720706939697266, 5.710691928863525], [2.39681, 2.36], [2.39681, 2.36], [0.5, 14.5], [7.234062194824219, 5.077056884765625], [0.0, 0.0], [10.812515258789062, 10.468804359436035], [19.83609390258789, 11.941911697387695], [16.8738374710083, 4.813082218170166], [27.5, 0.5], [13.630515098571777, 9.963061332702637]]
[2026-07-07 19:56:27] Sent map infos: [[2.636445999145508, 5.402516841888428], [8.720706939697266, 5.710691928863525], [2.39681, 2.36], [2.39681, 2.36], [0.5, 14.5], [7.234062194824219, 5.077056884765625], [0.0, 0.0], [10.812515258789062, 10.468804359436035], [19.83609390258789, 11.941911697387695], [16.8738374710083, 4.813082218170166], [27.5, 0.5], [13.630515098571777, 9.963061332702637]]
[2026-07-07 19:56:27] Marked situation: [0, 0, 0, 0, 0, 0, 0]
[2026-07-07 19:56:27] have_double_effect_times: 0 , is_activating_double_effect: 0 , already_activate_double_effect_times: 0
[2026-07-07 19:56:27] Marked situation: [0, 0, 0, 0, 0, 0, 0]
[2026-07-07 19:56:27] have_double_effect_times: 0 , is_activating_double_effect: 0 , already_activate_double_effect_times: 0
[2026-07-07 19:56:27] Sent map info: [[3.2581748962402344, 5.495048522949219], [8.769712448120117, 5.681469917297363], [2.39681, 2.36], [2.39681, 2.36], [0.5, 14.5], [7.177402496337891, 5.083252906799316], [0.0, 0.0], [20.555636405944824, 10.880905151367188], [19.83609390258789, 11.941911697387695], [16.6337890625, 5.596633434295654], [27.5, 0.5], [13.557985305786133, 9.99625015258789]]
[2026-07-07 19:56:27] Sent map infos: [[3.2581748962402344, 5.495048522949219], [8.769712448120117, 5.681469917297363], [2.39681, 2.36], [2.39681, 2.36], [0.5, 14.5], [7.177402496337891, 5.083252906799316], [0.0, 0.0], [20.555636405944824, 10.880905151367188], [19.83609390258789, 11.941911697387695], [16.6337890625, 5.596633434295654], [27.5, 0.5], [13.557985305786133, 9.99625015258789]]
[2026-07-07 19:56:28] Marked situation: [0, 0, 0, 0, 0, 0, 0]
[2026-07-07 19:56:28] have_double_effect_times: 0 , is_activating_double_effect: 0 , already_activate_double_effect_times: 0
[2026-07-07 19:56:28] Marked situation: [0, 0, 0, 0, 0, 0, 0]
[2026-07-07 19:56:28] have_double_effect_times: 0 , is_activating_double_effect: 0 , already_activate_double_effect_times: 0
[2026-07-07 19:56:28] Sent map info: [[3.623647689819336, 5.419543266296387], [9.09874153137207, 5.634263038635254], [2.39681, 2.36], [2.39681, 2.36], [0.5, 14.5], [7.201231002807617, 5.087410926818848], [0.0, 0.0], [20.05363130569458, 10.897997856140137], [19.523703575134277, 10.94918155670166], [16.53453540802002, 6.365368843078613], [27.5, 0.5], [13.593485832214355, 10.003168106079102]]
[2026-07-07 19:56:28] Sent map infos: [[3.623647689819336, 5.419543266296387], [9.09874153137207, 5.634263038635254], [2.39681, 2.36], [2.39681, 2.36], [0.5, 14.5], [7.201231002807617, 5.087410926818848], [0.0, 0.0], [20.05363130569458, 10.897997856140137], [19.523703575134277, 10.94918155670166], [16.53453540802002, 6.365368843078613], [27.5, 0.5], [13.593485832214355, 10.003168106079102]]
[2026-07-07 19:56:28] Marked situation: [0, 0, 0, 0, 0, 0, 0]
[2026-07-07 19:56:28] have_double_effect_times: 0 , is_activating_double_effect: 0 , already_activate_double_effect_times: 0
[2026-07-07 19:56:28] Marked situation: [0, 0, 0, 0, 0, 0, 0]
[2026-07-07 19:56:28] have_double_effect_times: 0 , is_activating_double_effect: 0 , already_activate_double_effect_times: 0
[2026-07-07 19:56:28] Sent map info: [[3.587543487548828, 5.250865459442139], [9.048057556152344, 5.708741664886475], [2.39681, 2.36], [2.39681, 2.36], [0.5, 14.5], [7.20817756652832, 5.076149940490723], [0.0, 0.0], [20.05363130569458, 10.897997856140137], [19.523703575134277, 10.94918155670166], [16.66081142425537, 6.831681251525879], [27.5, 0.5], [13.627140998840332, 10.012167930603027]]
[2026-07-07 19:56:28] Sent map infos: [[3.587543487548828, 5.250865459442139], [9.048057556152344, 5.708741664886475], [2.39681, 2.36], [2.39681, 2.36], [0.5, 14.5], [7.20817756652832, 5.076149940490723], [0.0, 0.0], [20.05363130569458, 10.897997856140137], [19.523703575134277, 10.94918155670166], [16.66081142425537, 6.831681251525879], [27.5, 0.5], [13.627140998840332, 10.012167930603027]]
[2026-07-07 19:56:28] Marked situation: [0, 0, 0, 0, 0, 0, 0]
[2026-07-07 19:56:28] have_double_effect_times: 0 , is_activating_double_effect: 0 , already_activate_double_effect_times: 0
[2026-07-07 19:56:29] Marked situation: [0, 0, 0, 0, 0, 0, 0]
[2026-07-07 19:56:29] have_double_effect_times: 0 , is_activating_double_effect: 0 , already_activate_double_effect_times: 0
[2026-07-07 19:56:29] Sent map info: [[3.5698890686035156, 4.846550464630127], [8.670230865478516, 5.829494476318359], [2.39681, 2.36], [2.39681, 2.36], [0.5, 14.5], [7.238740921020508, 5.11232852935791], [0.0, 0.0], [18.250277519226074, 10.584150314331055], [18.36706829071045, 10.527149200439453], [16.627758979797363, 6.817135810852051], [27.5, 0.5], [13.627725601196289, 10.011534690856934]]
[2026-07-07 19:56:29] Sent map infos: [[3.5698890686035156, 4.846550464630127], [8.670230865478516, 5.829494476318359], [2.39681, 2.36], [2.39681, 2.36], [0.5, 14.5], [7.238740921020508, 5.11232852935791], [0.0, 0.0], [18.250277519226074, 10.584150314331055], [18.36706829071045, 10.527149200439453], [16.627758979797363, 6.817135810852051], [27.5, 0.5], [13.627725601196289, 10.011534690856934]]
[2026-07-07 19:56:29] Marked situation: [0, 0, 0, 0, 0, 0, 0]
[2026-07-07 19:56:29] have_double_effect_times: 0 , is_activating_double_effect: 0 , already_activate_double_effect_times: 0
[2026-07-07 19:56:29] Marked situation: [0, 0, 0, 0, 0, 0, 0]
[2026-07-07 19:56:29] have_double_effect_times: 0 , is_activating_double_effect: 0 , already_activate_double_effect_times: 0
[2026-07-07 19:56:29] Sent map info: [[4.778076171875, 4.456408977508545], [8.544418334960938, 5.843052864074707], [2.39681, 2.36], [2.39681, 2.36], [0.5, 14.5], [7.279191970825195, 5.089810848236084], [0.0, 0.0], [18.250277519226074, 10.584150314331055], [18.873258590698242, 10.367450714111328], [16.5342960357666, 6.566948890686035], [27.5, 0.5], [13.627626419067383, 10.011642456054688]]
[2026-07-07 19:56:29] Sent map infos: [[4.778076171875, 4.456408977508545], [8.544418334960938, 5.843052864074707], [2.39681, 2.36], [2.39681, 2.36], [0.5, 14.5], [7.279191970825195, 5.089810848236084], [0.0, 0.0], [18.250277519226074, 10.584150314331055], [18.873258590698242, 10.367450714111328], [16.5342960357666, 6.566948890686035], [27.5, 0.5], [13.627626419067383, 10.011642456054688]]
[2026-07-07 19:56:29] Marked situation: [0, 0, 0, 0, 0, 0, 0]
[2026-07-07 19:56:29] have_double_effect_times: 0 , is_activating_double_effect: 0 , already_activate_double_effect_times: 0
[2026-07-07 19:56:29] Marked situation: [0, 0, 0, 0, 0, 0, 0]
[2026-07-07 19:56:29] have_double_effect_times: 0 , is_activating_double_effect: 0 , already_activate_double_effect_times: 0
[2026-07-07 19:56:29] Sent map info: [[5.929494857788086, 3.959569215774536], [8.425424575805664, 5.847774028778076], [2.39681, 2.36], [2.39681, 2.36], [0.5, 14.5], [7.190164566040039, 5.105347633361816], [0.0, 0.0], [18.250277519226074, 10.584150314331055], [19.934621810913086, 10.028624534606934], [16.49193000793457, 5.907349109649658], [27.5, 0.5], [13.629255294799805, 10.009881019592285]]
[2026-07-07 19:56:29] Sent map infos: [[5.929494857788086, 3.959569215774536], [8.425424575805664, 5.847774028778076], [2.39681, 2.36], [2.39681, 2.36], [0.5, 14.5], [7.190164566040039, 5.105347633361816], [0.0, 0.0], [18.250277519226074, 10.584150314331055], [19.934621810913086, 10.028624534606934], [16.49193000793457, 5.907349109649658], [27.5, 0.5], [13.629255294799805, 10.009881019592285]]
[2026-07-07 19:56:30] Marked situation: [0, 0, 0, 0, 0, 0, 0]
[2026-07-07 19:56:30] have_double_effect_times: 0 , is_activating_double_effect: 0 , already_activate_double_effect_times: 0
[2026-07-07 19:56:30] Marked situation: [0, 0, 0, 0, 0, 0, 0]
[2026-07-07 19:56:30] have_double_effect_times: 0 , is_activating_double_effect: 0 , already_activate_double_effect_times: 0
[2026-07-07 19:56:30] Sent map info: [[5.768592834472656, 3.779203176498413], [8.406198501586914, 5.833326816558838], [2.39681, 2.36], [2.39681, 2.36], [0.5, 14.5], [7.253101348876953, 5.089106559753418], [0.0, 0.0], [18.250277519226074, 10.584150314331055], [19.934621810913086, 10.028624534606934], [17.12111473083496, 4.9479851722717285], [27.5, 0.5], [13.628120422363281, 10.011107444763184]]
[2026-07-07 19:56:30] Sent map infos: [[5.768592834472656, 3.779203176498413], [8.406198501586914, 5.833326816558838], [2.39681, 2.36], [2.39681, 2.36], [0.5, 14.5], [7.253101348876953, 5.089106559753418], [0.0, 0.0], [18.250277519226074, 10.584150314331055], [19.934621810913086, 10.028624534606934], [17.12111473083496, 4.9479851722717285], [27.5, 0.5], [13.628120422363281, 10.011107444763184]]
[2026-07-07 19:56:30] Marked situation: [0, 0, 0, 0, 0, 0, 0]
[2026-07-07 19:56:30] have_double_effect_times: 0 , is_activating_double_effect: 0 , already_activate_double_effect_times: 0
[2026-07-07 19:56:30] Marked situation: [0, 0, 0, 0, 0, 0, 0]
[2026-07-07 19:56:30] have_double_effect_times: 0 , is_activating_double_effect: 0 , already_activate_double_effect_times: 0
[2026-07-07 19:56:30] Sent map info: [[5.172369003295898, 4.26999044418335], [8.16519546508789, 5.938027381896973], [2.39681, 2.36], [2.39681, 2.36], [0.5, 14.5], [7.183427810668945, 5.116269588470459], [0.0, 0.0], [18.250277519226074, 10.584150314331055], [19.934621810913086, 10.028624534606934], [17.29910373687744, 3.963196039199829], [27.5, 0.5], [13.627803802490234, 10.011449813842773]]
[2026-07-07 19:56:30] Sent map infos: [[5.172369003295898, 4.26999044418335], [8.16519546508789, 5.938027381896973], [2.39681, 2.36], [2.39681, 2.36], [0.5, 14.5], [7.183427810668945, 5.116269588470459], [0.0, 0.0], [18.250277519226074, 10.584150314331055], [19.934621810913086, 10.028624534606934], [17.29910373687744, 3.963196039199829], [27.5, 0.5], [13.627803802490234, 10.011449813842773]]
[2026-07-07 19:56:30] Marked situation: [0, 0, 0, 0, 0, 0, 0]
[2026-07-07 19:56:30] have_double_effect_times: 0 , is_activating_double_effect: 0 , already_activate_double_effect_times: 0
[2026-07-07 19:56:31] Marked situation: [0, 0, 0, 0, 0, 0, 0]
[2026-07-07 19:56:31] have_double_effect_times: 0 , is_activating_double_effect: 0 , already_activate_double_effect_times: 0
[2026-07-07 19:56:31] Sent map info: [[4.397979736328125, 4.91780948638916], [8.217222213745117, 5.945446014404297], [2.39681, 2.36], [2.39681, 2.36], [0.5, 14.5], [7.218360900878906, 5.102477550506592], [0.0, 0.0], [18.250277519226074, 10.584150314331055], [19.934621810913086, 10.028624534606934], [17.487293243408203, 3.6416358947753906], [27.5, 0.5], [13.629877090454102, 10.009207725524902]]
[2026-07-07 19:56:31] Sent map infos: [[4.397979736328125, 4.91780948638916], [8.217222213745117, 5.945446014404297], [2.39681, 2.36], [2.39681, 2.36], [0.5, 14.5], [7.218360900878906, 5.102477550506592], [0.0, 0.0], [18.250277519226074, 10.584150314331055], [19.934621810913086, 10.028624534606934], [17.487293243408203, 3.6416358947753906], [27.5, 0.5], [13.629877090454102, 10.009207725524902]]
[2026-07-07 19:56:31] Marked situation: [0, 0, 0, 0, 0, 0, 0]
[2026-07-07 19:56:31] have_double_effect_times: 0 , is_activating_double_effect: 0 , already_activate_double_effect_times: 0
[2026-07-07 19:56:31] Marked situation: [0, 0, 0, 0, 0, 0, 0]
[2026-07-07 19:56:31] have_double_effect_times: 0 , is_activating_double_effect: 0 , already_activate_double_effect_times: 0
[2026-07-07 19:56:31] Sent map info: [[4.27787971496582, 5.544149875640869], [8.228660583496094, 5.971271991729736], [2.39681, 2.36], [2.39681, 2.36], [0.5, 14.5], [7.125787734985352, 5.081564426422119], [0.0, 0.0], [18.250277519226074, 10.584150314331055], [19.934621810913086, 10.028624534606934], [17.723928451538086, 2.025536298751831], [27.5, 0.5], [13.629061698913574, 10.010089874267578]]
[2026-07-07 19:56:31] Sent map infos: [[4.27787971496582, 5.544149875640869], [8.228660583496094, 5.971271991729736], [2.39681, 2.36], [2.39681, 2.36], [0.5, 14.5], [7.125787734985352, 5.081564426422119], [0.0, 0.0], [18.250277519226074, 10.584150314331055], [19.934621810913086, 10.028624534606934], [17.723928451538086, 2.025536298751831], [27.5, 0.5], [13.629061698913574, 10.010089874267578]]
[2026-07-07 19:56:31] Marked situation: [0, 0, 0, 0, 0, 0, 0]
[2026-07-07 19:56:31] have_double_effect_times: 0 , is_activating_double_effect: 0 , already_activate_double_effect_times: 0
[2026-07-07 19:56:31] Marked situation: [0, 0, 0, 0, 0, 0, 0]
[2026-07-07 19:56:31] have_double_effect_times: 0 , is_activating_double_effect: 0 , already_activate_double_effect_times: 0
[2026-07-07 19:56:31] Sent map info: [[4.897884368896484, 6.313370227813721], [8.017250061035156, 5.990881443023682], [2.39681, 2.36], [2.39681, 2.36], [0.5, 14.5], [7.217523574829102, 5.103835105895996], [0.0, 0.0], [18.250277519226074, 10.584150314331055], [19.934621810913086, 10.028624534606934], [17.114168167114258, 1.4119837284088135], [27.5, 0.5], [13.629061698913574, 10.010089874267578]]
[2026-07-07 19:56:31] Sent map infos: [[4.897884368896484, 6.313370227813721], [8.017250061035156, 5.990881443023682], [2.39681, 2.36], [2.39681, 2.36], [0.5, 14.5], [7.217523574829102, 5.103835105895996], [0.0, 0.0], [18.250277519226074, 10.584150314331055], [19.934621810913086, 10.028624534606934], [17.114168167114258, 1.4119837284088135], [27.5, 0.5], [13.629061698913574, 10.010089874267578]]
[2026-07-07 19:56:32] Marked situation: [0, 0, 0, 0, 0, 0, 0]
[2026-07-07 19:56:32] have_double_effect_times: 0 , is_activating_double_effect: 0 , already_activate_double_effect_times: 0
[2026-07-07 19:56:32] Marked situation: [0, 0, 0, 0, 0, 0, 0]
[2026-07-07 19:56:32] have_double_effect_times: 0 , is_activating_double_effect: 0 , already_activate_double_effect_times: 0
[2026-07-07 19:56:32] Sent map info: [[5.103122711181641, 7.076752662658691], [8.124706268310547, 5.8702778816223145], [2.39681, 2.36], [2.39681, 2.36], [0.5, 14.5], [7.178075790405273, 5.124943733215332], [0.0, 0.0], [18.250277519226074, 10.584150314331055], [19.934621810913086, 10.028624534606934], [17.000980377197266, 1.3899154663085938], [27.5, 0.5], [13.629061698913574, 10.010089874267578]]
[2026-07-07 19:56:32] Sent map infos: [[5.103122711181641, 7.076752662658691], [8.124706268310547, 5.8702778816223145], [2.39681, 2.36], [2.39681, 2.36], [0.5, 14.5], [7.178075790405273, 5.124943733215332], [0.0, 0.0], [18.250277519226074, 10.584150314331055], [19.934621810913086, 10.028624534606934], [17.000980377197266, 1.3899154663085938], [27.5, 0.5], [13.629061698913574, 10.010089874267578]]
[2026-07-07 19:56:32] Marked situation: [0, 0, 0, 0, 0, 0, 0]
[2026-07-07 19:56:32] have_double_effect_times: 0 , is_activating_double_effect: 0 , already_activate_double_effect_times: 0
[2026-07-07 19:56:32] Marked situation: [0, 0, 0, 0, 0, 0, 0]
[2026-07-07 19:56:32] have_double_effect_times: 0 , is_activating_double_effect: 0 , already_activate_double_effect_times: 0
[2026-07-07 19:56:32] Sent map info: [[5.4023895263671875, 6.971970558166504], [7.503562927246094, 6.141109943389893], [2.39681, 2.36], [2.39681, 2.36], [0.5, 14.5], [7.234203338623047, 5.07682991027832], [0.0, 0.0], [18.250277519226074, 10.584150314331055], [19.934621810913086, 10.028624534606934], [17.195914268493652, 1.3112084865570068], [27.5, 0.5], [13.629061698913574, 10.010089874267578]]
[2026-07-07 19:56:32] Sent map infos: [[5.4023895263671875, 6.971970558166504], [7.503562927246094, 6.141109943389893], [2.39681, 2.36], [2.39681, 2.36], [0.5, 14.5], [7.234203338623047, 5.07682991027832], [0.0, 0.0], [18.250277519226074, 10.584150314331055], [19.934621810913086, 10.028624534606934], [17.195914268493652, 1.3112084865570068], [27.5, 0.5], [13.629061698913574, 10.010089874267578]]
[2026-07-07 19:56:32] Marked situation: [0, 0, 0, 0, 0, 0, 0]
[2026-07-07 19:56:32] have_double_effect_times: 0 , is_activating_double_effect: 0 , already_activate_double_effect_times: 0
[2026-07-07 19:56:33] Marked situation: [0, 0, 0, 0, 0, 0, 0]
[2026-07-07 19:56:33] have_double_effect_times: 0 , is_activating_double_effect: 0 , already_activate_double_effect_times: 0
[2026-07-07 19:56:33] Sent map info: [[5.120250701904297, 6.729077339172363], [7.24553108215332, 6.331782817840576], [2.39681, 2.36], [2.39681, 2.36], [0.5, 14.5], [7.151912689208984, 5.081855297088623], [0.0, 0.0], [18.250277519226074, 10.584150314331055], [19.934621810913086, 10.028624534606934], [17.64143657684326, 1.1454358100891113], [27.5, 0.5], [13.629061698913574, 10.010089874267578]]
[2026-07-07 19:56:33] Sent map infos: [[5.120250701904297, 6.729077339172363], [7.24553108215332, 6.331782817840576], [2.39681, 2.36], [2.39681, 2.36], [0.5, 14.5], [7.151912689208984, 5.081855297088623], [0.0, 0.0], [18.250277519226074, 10.584150314331055], [19.934621810913086, 10.028624534606934], [17.64143657684326, 1.1454358100891113], [27.5, 0.5], [13.629061698913574, 10.010089874267578]]
[2026-07-07 19:56:33] Marked situation: [0, 0, 0, 0, 0, 0, 0]
[2026-07-07 19:56:33] have_double_effect_times: 0 , is_activating_double_effect: 0 , already_activate_double_effect_times: 0
[2026-07-07 19:56:33] Marked situation: [0, 0, 0, 0, 0, 0, 0]
[2026-07-07 19:56:33] have_double_effect_times: 0 , is_activating_double_effect: 0 , already_activate_double_effect_times: 0
[2026-07-07 19:56:33] Sent map info: [[4.73505973815918, 6.835831642150879], [7.24553108215332, 6.331782817840576], [2.39681, 2.36], [2.39681, 2.36], [0.5, 14.5], [7.179500579833984, 5.079845428466797], [0.0, 0.0], [18.250277519226074, 10.584150314331055], [19.934621810913086, 10.028624534606934], [17.424796104431152, 1.3012890815734863], [27.5, 0.5], [13.629061698913574, 10.010089874267578]]
[2026-07-07 19:56:33] Sent map infos: [[4.73505973815918, 6.835831642150879], [7.24553108215332, 6.331782817840576], [2.39681, 2.36], [2.39681, 2.36], [0.5, 14.5], [7.179500579833984, 5.079845428466797], [0.0, 0.0], [18.250277519226074, 10.584150314331055], [19.934621810913086, 10.028624534606934], [17.424796104431152, 1.3012890815734863], [27.5, 0.5], [13.629061698913574, 10.010089874267578]]
[2026-07-07 19:56:33] Marked situation: [0, 0, 0, 0, 0, 0, 0]
[2026-07-07 19:56:33] have_double_effect_times: 0 , is_activating_double_effect: 0 , already_activate_double_effect_times: 0
[2026-07-07 19:56:33] Marked situation: [0, 0, 0, 0, 0, 0, 0]
[2026-07-07 19:56:33] have_double_effect_times: 0 , is_activating_double_effect: 0 , already_activate_double_effect_times: 0
[2026-07-07 19:56:33] Sent map info: [[5.078502655029297, 6.880046844482422], [7.24553108215332, 6.331782817840576], [2.39681, 2.36], [2.39681, 2.36], [0.5, 14.5], [7.216228485107422, 5.105930805206299], [0.0, 0.0], [18.250277519226074, 10.584150314331055], [19.934621810913086, 10.028624534606934], [17.56263256072998, 1.1871095895767212], [27.5, 0.5], [13.629061698913574, 10.010089874267578]]
[2026-07-07 19:56:33] Sent map infos: [[5.078502655029297, 6.880046844482422], [7.24553108215332, 6.331782817840576], [2.39681, 2.36], [2.39681, 2.36], [0.5, 14.5], [7.216228485107422, 5.105930805206299], [0.0, 0.0], [18.250277519226074, 10.584150314331055], [19.934621810913086, 10.028624534606934], [17.56263256072998, 1.1871095895767212], [27.5, 0.5], [13.629061698913574, 10.010089874267578]]
[2026-07-07 19:56:34] Marked situation: [0, 0, 0, 0, 0, 0, 0]
[2026-07-07 19:56:34] have_double_effect_times: 0 , is_activating_double_effect: 0 , already_activate_double_effect_times: 0
[2026-07-07 19:56:34] Marked situation: [0, 0, 0, 0, 0, 0, 0]
[2026-07-07 19:56:34] have_double_effect_times: 0 , is_activating_double_effect: 0 , already_activate_double_effect_times: 0
[2026-07-07 19:56:34] Sent map info: [[5.611734390258789, 7.185296535491943], [7.24553108215332, 6.331782817840576], [2.39681, 2.36], [2.39681, 2.36], [0.5, 14.5], [7.252424240112305, 5.090200901031494], [0.0, 0.0], [18.250277519226074, 10.584150314331055], [19.934621810913086, 10.028624534606934], [17.400859832763672, 1.2762562036514282], [27.5, 0.5], [13.629061698913574, 10.010089874267578]]
[2026-07-07 19:56:34] Sent map infos: [[5.611734390258789, 7.185296535491943], [7.24553108215332, 6.331782817840576], [2.39681, 2.36], [2.39681, 2.36], [0.5, 14.5], [7.252424240112305, 5.090200901031494], [0.0, 0.0], [18.250277519226074, 10.584150314331055], [19.934621810913086, 10.028624534606934], [17.400859832763672, 1.2762562036514282], [27.5, 0.5], [13.629061698913574, 10.010089874267578]]
[2026-07-07 19:56:34] Marked situation: [0, 0, 0, 0, 0, 0, 0]
[2026-07-07 19:56:34] have_double_effect_times: 0 , is_activating_double_effect: 0 , already_activate_double_effect_times: 0
[2026-07-07 19:56:34] Marked situation: [0, 0, 0, 0, 0, 0, 0]
[2026-07-07 19:56:34] have_double_effect_times: 0 , is_activating_double_effect: 0 , already_activate_double_effect_times: 0
[2026-07-07 19:56:34] Sent map info: [[6.062726974487305, 7.579013824462891], [0.0, 0.0], [2.39681, 2.36], [2.39681, 2.36], [0.5, 14.5], [7.074897766113281, 5.078982830047607], [0.0, 0.0], [18.250277519226074, 10.584150314331055], [19.934621810913086, 10.028624534606934], [17.392189979553223, 1.1237062215805054], [27.5, 0.5], [13.629061698913574, 10.010089874267578]]
[2026-07-07 19:56:34] Sent map infos: [[6.062726974487305, 7.579013824462891], [0.0, 0.0], [2.39681, 2.36], [2.39681, 2.36], [0.5, 14.5], [7.074897766113281, 5.078982830047607], [0.0, 0.0], [18.250277519226074, 10.584150314331055], [19.934621810913086, 10.028624534606934], [17.392189979553223, 1.1237062215805054], [27.5, 0.5], [13.629061698913574, 10.010089874267578]]
[2026-07-07 19:56:34] Marked situation: [0, 0, 0, 0, 0, 0, 0]
[2026-07-07 19:56:34] have_double_effect_times: 0 , is_activating_double_effect: 0 , already_activate_double_effect_times: 0
[2026-07-07 19:56:35] Marked situation: [0, 0, 0, 0, 0, 0, 0]
[2026-07-07 19:56:35] have_double_effect_times: 0 , is_activating_double_effect: 0 , already_activate_double_effect_times: 0
[2026-07-07 19:56:35] Sent map info: [[6.141790390014648, 7.935178756713867], [0.0, 0.0], [2.39681, 2.36], [2.39681, 2.36], [0.5, 14.5], [7.166467666625977, 5.100996494293213], [0.0, 0.0], [18.250277519226074, 10.584150314331055], [19.934621810913086, 10.028624534606934], [17.19095802307129, 0.9918733239173889], [27.5, 0.5], [13.629061698913574, 10.010089874267578]]
[2026-07-07 19:56:35] Sent map infos: [[6.141790390014648, 7.935178756713867], [0.0, 0.0], [2.39681, 2.36], [2.39681, 2.36], [0.5, 14.5], [7.166467666625977, 5.100996494293213], [0.0, 0.0], [18.250277519226074, 10.584150314331055], [19.934621810913086, 10.028624534606934], [17.19095802307129, 0.9918733239173889], [27.5, 0.5], [13.629061698913574, 10.010089874267578]]
[2026-07-07 19:56:35] Marked situation: [0, 0, 0, 0, 0, 0, 0]
[2026-07-07 19:56:35] have_double_effect_times: 0 , is_activating_double_effect: 0 , already_activate_double_effect_times: 0
[2026-07-07 19:56:35] Marked situation: [0, 0, 0, 0, 0, 0, 0]
[2026-07-07 19:56:35] have_double_effect_times: 0 , is_activating_double_effect: 0 , already_activate_double_effect_times: 0
[2026-07-07 19:56:35] Sent map info: [[6.037786483764648, 8.45525074005127], [0.0, 0.0], [2.39681, 2.36], [3.5123634338378906, 2.7627878189086914], [0.5, 14.5], [7.1911163330078125, 5.103806495666504], [0.0, 0.0], [18.250277519226074, 10.584150314331055], [19.934621810913086, 10.028624534606934], [17.220784187316895, 1.0091780424118042], [27.5, 0.5], [13.629061698913574, 10.010089874267578]]
[2026-07-07 19:56:35] Sent map infos: [[6.037786483764648, 8.45525074005127], [0.0, 0.0], [2.39681, 2.36], [3.5123634338378906, 2.7627878189086914], [0.5, 14.5], [7.1911163330078125, 5.103806495666504], [0.0, 0.0], [18.250277519226074, 10.584150314331055], [19.934621810913086, 10.028624534606934], [17.220784187316895, 1.0091780424118042], [27.5, 0.5], [13.629061698913574, 10.010089874267578]]
[2026-07-07 19:56:35] Marked situation: [0, 0, 0, 0, 0, 0, 0]
[2026-07-07 19:56:35] have_double_effect_times: 0 , is_activating_double_effect: 0 , already_activate_double_effect_times: 0
[2026-07-07 19:56:35] Marked situation: [0, 0, 0, 0, 0, 0, 0]
[2026-07-07 19:56:35] have_double_effect_times: 0 , is_activating_double_effect: 0 , already_activate_double_effect_times: 0
[2026-07-07 19:56:35] Sent map info: [[5.91264533996582, 9.04110336303711], [0.0, 0.0], [2.39681, 2.36], [7.195119857788086, 3.229628086090088], [0.5, 14.5], [7.157234191894531, 5.115981578826904], [0.0, 0.0], [18.250277519226074, 10.584150314331055], [19.934621810913086, 10.028624534606934], [18.191556930541992, 0.9726197719573975], [27.5, 0.5], [13.629061698913574, 10.010089874267578]]
[2026-07-07 19:56:35] Sent map infos: [[5.91264533996582, 9.04110336303711], [0.0, 0.0], [2.39681, 2.36], [7.195119857788086, 3.229628086090088], [0.5, 14.5], [7.157234191894531, 5.115981578826904], [0.0, 0.0], [18.250277519226074, 10.584150314331055], [19.934621810913086, 10.028624534606934], [18.191556930541992, 0.9726197719573975], [27.5, 0.5], [13.629061698913574, 10.010089874267578]]
[2026-07-07 19:56:36] Marked situation: [0, 0, 0, 0, 0, 0, 0]
[2026-07-07 19:56:36] have_double_effect_times: 0 , is_activating_double_effect: 0 , already_activate_double_effect_times: 0
[2026-07-07 19:56:36] Marked situation: [0, 0, 0, 0, 0, 0, 0]
[2026-07-07 19:56:36] have_double_effect_times: 0 , is_activating_double_effect: 0 , already_activate_double_effect_times: 0
[2026-07-07 19:56:36] Sent map info: [[6.729183197021484, 9.354086875915527], [0.0, 0.0], [2.39681, 2.36], [9.669790267944336, 3.8404970169067383], [0.5, 14.5], [7.164394378662109, 5.104363918304443], [0.0, 0.0], [18.250277519226074, 10.584150314331055], [19.934621810913086, 10.028624534606934], [19.05940532684326, 1.1095877885818481], [27.5, 0.5], [13.629061698913574, 10.010089874267578]]
[2026-07-07 19:56:36] Sent map infos: [[6.729183197021484, 9.354086875915527], [0.0, 0.0], [2.39681, 2.36], [9.669790267944336, 3.8404970169067383], [0.5, 14.5], [7.164394378662109, 5.104363918304443], [0.0, 0.0], [18.250277519226074, 10.584150314331055], [19.934621810913086, 10.028624534606934], [19.05940532684326, 1.1095877885818481], [27.5, 0.5], [13.629061698913574, 10.010089874267578]]
[2026-07-07 19:56:36] Marked situation: [0, 0, 0, 0, 0, 0, 0]
[2026-07-07 19:56:36] have_double_effect_times: 0 , is_activating_double_effect: 0 , already_activate_double_effect_times: 0
[2026-07-07 19:56:36] Marked situation: [0, 0, 0, 0, 0, 0, 0]
[2026-07-07 19:56:36] have_double_effect_times: 0 , is_activating_double_effect: 0 , already_activate_double_effect_times: 0
[2026-07-07 19:56:36] Sent map info: [[7.194189071655273, 9.757675170898438], [0.0, 0.0], [2.39681, 2.36], [10.827388763427734, 4.405848026275635], [0.5, 14.5], [7.154531478881836, 5.120368003845215], [0.0, 0.0], [19.264129638671875, 10.166865348815918], [19.934621810913086, 10.028624534606934], [19.12319278717041, 10.192425727844238], [27.5, 0.5], [13.629061698913574, 10.010089874267578]]
[2026-07-07 19:56:36] Sent map infos: [[7.194189071655273, 9.757675170898438], [0.0, 0.0], [2.39681, 2.36], [10.827388763427734, 4.405848026275635], [0.5, 14.5], [7.154531478881836, 5.120368003845215], [0.0, 0.0], [19.264129638671875, 10.166865348815918], [19.934621810913086, 10.028624534606934], [19.12319278717041, 10.192425727844238], [27.5, 0.5], [13.629061698913574, 10.010089874267578]]
[2026-07-07 19:56:36] Marked situation: [0, 0, 0, 0, 0, 0, 0]
[2026-07-07 19:56:36] have_double_effect_times: 0 , is_activating_double_effect: 0 , already_activate_double_effect_times: 0
[2026-07-07 19:56:37] Marked situation: [0, 0, 0, 0, 0, 0, 0]
[2026-07-07 19:56:37] have_double_effect_times: 0 , is_activating_double_effect: 0 , already_activate_double_effect_times: 0
[2026-07-07 19:56:37] Sent map info: [[7.119838714599609, 9.703930854797363], [0.0, 0.0], [2.39681, 2.36], [13.837130546569824, 5.451848983764648], [0.5, 14.5], [7.1958465576171875, 5.096139430999756], [0.0, 0.0], [17.774682998657227, 10.627378463745117], [19.934621810913086, 10.028624534606934], [17.72909164428711, 10.669548988342285], [27.5, 0.5], [13.629061698913574, 10.010089874267578]]
[2026-07-07 19:56:37] Sent map infos: [[7.119838714599609, 9.703930854797363], [0.0, 0.0], [2.39681, 2.36], [13.837130546569824, 5.451848983764648], [0.5, 14.5], [7.1958465576171875, 5.096139430999756], [0.0, 0.0], [17.774682998657227, 10.627378463745117], [19.934621810913086, 10.028624534606934], [17.72909164428711, 10.669548988342285], [27.5, 0.5], [13.629061698913574, 10.010089874267578]]
[2026-07-07 19:56:37] Marked situation: [0, 0, 0, 0, 0, 0, 0]
[2026-07-07 19:56:37] have_double_effect_times: 0 , is_activating_double_effect: 0 , already_activate_double_effect_times: 0
[2026-07-07 19:56:37] Marked situation: [0, 0, 0, 0, 0, 0, 0]
[2026-07-07 19:56:37] have_double_effect_times: 0 , is_activating_double_effect: 0 , already_activate_double_effect_times: 0
[2026-07-07 19:56:37] Sent map info: [[7.119829177856445, 9.703947067260742], [0.0, 0.0], [2.39681, 2.36], [13.647128105163574, 6.64292049407959], [0.5, 14.5], [7.150974273681641, 5.1261420249938965], [0.0, 0.0], [17.774682998657227, 10.627378463745117], [19.934621810913086, 10.028624534606934], [17.463544845581055, 10.720860481262207], [27.5, 0.5], [13.629061698913574, 10.010089874267578]]
[2026-07-07 19:56:37] Sent map infos: [[7.119829177856445, 9.703947067260742], [0.0, 0.0], [2.39681, 2.36], [13.647128105163574, 6.64292049407959], [0.5, 14.5], [7.150974273681641, 5.1261420249938965], [0.0, 0.0], [17.774682998657227, 10.627378463745117], [19.934621810913086, 10.028624534606934], [17.463544845581055, 10.720860481262207], [27.5, 0.5], [13.629061698913574, 10.010089874267578]]
[2026-07-07 19:56:37] Marked situation: [0, 0, 0, 0, 0, 0, 0]
[2026-07-07 19:56:37] have_double_effect_times: 0 , is_activating_double_effect: 0 , already_activate_double_effect_times: 0
[2026-07-07 19:56:37] Marked situation: [0, 0, 0, 0, 0, 0, 0]
[2026-07-07 19:56:37] have_double_effect_times: 0 , is_activating_double_effect: 0 , already_activate_double_effect_times: 0
[2026-07-07 19:56:37] Sent map info: [[7.098384857177734, 9.69466495513916], [0.0, 0.0], [2.39681, 2.36], [12.836956024169922, 8.074894905090332], [0.5, 14.5], [7.174558639526367, 5.0878682136535645], [0.0, 0.0], [17.774682998657227, 10.627378463745117], [19.934621810913086, 10.028624534606934], [17.463544845581055, 10.720860481262207], [27.5, 0.5], [13.629061698913574, 10.010089874267578]]
[2026-07-07 19:56:37] Sent map infos: [[7.098384857177734, 9.69466495513916], [0.0, 0.0], [2.39681, 2.36], [12.836956024169922, 8.074894905090332], [0.5, 14.5], [7.174558639526367, 5.0878682136535645], [0.0, 0.0], [17.774682998657227, 10.627378463745117], [19.934621810913086, 10.028624534606934], [17.463544845581055, 10.720860481262207], [27.5, 0.5], [13.629061698913574, 10.010089874267578]]
[2026-07-07 19:56:38] Marked situation: [0, 0, 0, 0, 0, 0, 0]
[2026-07-07 19:56:38] have_double_effect_times: 0 , is_activating_double_effect: 0 , already_activate_double_effect_times: 0
[2026-07-07 19:56:38] Marked situation: [0, 0, 0, 0, 0, 0, 0]
[2026-07-07 19:56:38] have_double_effect_times: 0 , is_activating_double_effect: 0 , already_activate_double_effect_times: 0
[2026-07-07 19:56:38] Sent map info: [[7.096590042114258, 9.697209358215332], [0.0, 0.0], [2.39681, 2.36], [12.546294212341309, 9.141695022583008], [0.5, 14.5], [7.055458068847656, 5.110681533813477], [0.0, 0.0], [17.774682998657227, 10.627378463745117], [19.934621810913086, 10.028624534606934], [17.463544845581055, 10.720860481262207], [27.5, 0.5], [13.629061698913574, 10.010089874267578]]
[2026-07-07 19:56:38] Sent map infos: [[7.096590042114258, 9.697209358215332], [0.0, 0.0], [2.39681, 2.36], [12.546294212341309, 9.141695022583008], [0.5, 14.5], [7.055458068847656, 5.110681533813477], [0.0, 0.0], [17.774682998657227, 10.627378463745117], [19.934621810913086, 10.028624534606934], [17.463544845581055, 10.720860481262207], [27.5, 0.5], [13.629061698913574, 10.010089874267578]]
[2026-07-07 19:56:38] Marked situation: [0, 0, 0, 0, 0, 0, 0]
[2026-07-07 19:56:38] have_double_effect_times: 0 , is_activating_double_effect: 0 , already_activate_double_effect_times: 0
[2026-07-07 19:56:38] Marked situation: [0, 0, 0, 0, 0, 0, 0]
[2026-07-07 19:56:38] have_double_effect_times: 0 , is_activating_double_effect: 0 , already_activate_double_effect_times: 0
[2026-07-07 19:56:38] Sent map info: [[7.0969696044921875, 9.696672439575195], [0.0, 0.0], [2.39681, 2.36], [12.405302047729492, 9.795124053955078], [0.5, 14.5], [7.186811447143555, 5.110784530639648], [0.0, 0.0], [17.774682998657227, 10.627378463745117], [19.934621810913086, 10.028624534606934], [20.498375415802002, 11.134744644165039], [27.5, 0.5], [13.629061698913574, 10.010089874267578]]
[2026-07-07 19:56:38] Sent map infos: [[7.0969696044921875, 9.696672439575195], [0.0, 0.0], [2.39681, 2.36], [12.405302047729492, 9.795124053955078], [0.5, 14.5], [7.186811447143555, 5.110784530639648], [0.0, 0.0], [17.774682998657227, 10.627378463745117], [19.934621810913086, 10.028624534606934], [20.498375415802002, 11.134744644165039], [27.5, 0.5], [13.629061698913574, 10.010089874267578]]
[2026-07-07 19:56:38] Marked situation: [0, 0, 0, 0, 0, 0, 0]
[2026-07-07 19:56:38] have_double_effect_times: 0 , is_activating_double_effect: 0 , already_activate_double_effect_times: 0
[2026-07-07 19:56:39] Marked situation: [0, 0, 0, 0, 0, 0, 0]
[2026-07-07 19:56:39] have_double_effect_times: 0 , is_activating_double_effect: 0 , already_activate_double_effect_times: 0
[2026-07-07 19:56:39] Sent map info: [[7.096717834472656, 9.697030067443848], [0.0, 0.0], [2.39681, 2.36], [12.074210166931152, 10.391047477722168], [0.5, 14.5], [7.080110549926758, 5.113190174102783], [0.0, 0.0], [17.774682998657227, 10.627378463745117], [19.934621810913086, 10.028624534606934], [20.72840118408203, 11.3538179397583], [27.5, 0.5], [13.629061698913574, 10.010089874267578]]
[2026-07-07 19:56:39] Sent map infos: [[7.096717834472656, 9.697030067443848], [0.0, 0.0], [2.39681, 2.36], [12.074210166931152, 10.391047477722168], [0.5, 14.5], [7.080110549926758, 5.113190174102783], [0.0, 0.0], [17.774682998657227, 10.627378463745117], [19.934621810913086, 10.028624534606934], [20.72840118408203, 11.3538179397583], [27.5, 0.5], [13.629061698913574, 10.010089874267578]]
[2026-07-07 19:56:39] Marked situation: [0, 0, 0, 0, 0, 0, 0]
[2026-07-07 19:56:39] have_double_effect_times: 0 , is_activating_double_effect: 0 , already_activate_double_effect_times: 0
[2026-07-07 19:56:39] Marked situation: [0, 0, 0, 0, 0, 0, 0]
[2026-07-07 19:56:39] have_double_effect_times: 0 , is_activating_double_effect: 0 , already_activate_double_effect_times: 0
[2026-07-07 19:56:39] Sent map info: [[7.098560333251953, 9.694416046142578], [0.0, 0.0], [2.39681, 2.36], [11.801477432250977, 10.221141815185547], [0.5, 14.5], [7.183929443359375, 5.115455627441406], [0.0, 0.0], [17.774682998657227, 10.627378463745117], [19.934621810913086, 10.028624534606934], [20.72840118408203, 11.3538179397583], [27.5, 0.5], [13.629061698913574, 10.010089874267578]]
[2026-07-07 19:56:39] Sent map infos: [[7.098560333251953, 9.694416046142578], [0.0, 0.0], [2.39681, 2.36], [11.801477432250977, 10.221141815185547], [0.5, 14.5], [7.183929443359375, 5.115455627441406], [0.0, 0.0], [17.774682998657227, 10.627378463745117], [19.934621810913086, 10.028624534606934], [20.72840118408203, 11.3538179397583], [27.5, 0.5], [13.629061698913574, 10.010089874267578]]
[2026-07-07 19:56:39] Marked situation: [0, 0, 0, 0, 0, 0, 0]
[2026-07-07 19:56:39] have_double_effect_times: 0 , is_activating_double_effect: 0 , already_activate_double_effect_times: 0
[2026-07-07 19:56:39] Marked situation: [0, 0, 0, 0, 0, 0, 0]
[2026-07-07 19:56:39] have_double_effect_times: 0 , is_activating_double_effect: 0 , already_activate_double_effect_times: 0
[2026-07-07 19:56:39] Sent map info: [[7.12353515625, 9.698695182800293], [0.0, 0.0], [2.39681, 2.36], [12.244640350341797, 9.668100357055664], [0.5, 14.5], [7.157161712646484, 5.1160993576049805], [0.0, 0.0], [17.774682998657227, 10.627378463745117], [19.934621810913086, 10.028624534606934], [19.787100791931152, 12.332816123962402], [27.5, 0.5], [13.629061698913574, 10.010089874267578]]
[2026-07-07 19:56:39] Sent map infos: [[7.12353515625, 9.698695182800293], [0.0, 0.0], [2.39681, 2.36], [12.244640350341797, 9.668100357055664], [0.5, 14.5], [7.157161712646484, 5.1160993576049805], [0.0, 0.0], [17.774682998657227, 10.627378463745117], [19.934621810913086, 10.028624534606934], [19.787100791931152, 12.332816123962402], [27.5, 0.5], [13.629061698913574, 10.010089874267578]]
[2026-07-07 19:56:40] Marked situation: [0, 0, 0, 0, 0, 0, 0]
[2026-07-07 19:56:40] have_double_effect_times: 0 , is_activating_double_effect: 0 , already_activate_double_effect_times: 0
[2026-07-07 19:56:40] Marked situation: [0, 0, 0, 0, 0, 0, 0]
[2026-07-07 19:56:40] have_double_effect_times: 0 , is_activating_double_effect: 0 , already_activate_double_effect_times: 0
[2026-07-07 19:56:40] Sent map info: [[7.15728759765625, 9.690622329711914], [0.0, 0.0], [2.39681, 2.36], [12.770170211791992, 9.28977108001709], [0.5, 14.5], [7.125558853149414, 5.124677658081055], [0.0, 0.0], [17.774682998657227, 10.627378463745117], [19.934621810913086, 10.028624534606934], [18.406126022338867, 12.455206871032715], [27.5, 0.5], [13.629061698913574, 10.010089874267578]]
[2026-07-07 19:56:40] Sent map infos: [[7.15728759765625, 9.690622329711914], [0.0, 0.0], [2.39681, 2.36], [12.770170211791992, 9.28977108001709], [0.5, 14.5], [7.125558853149414, 5.124677658081055], [0.0, 0.0], [17.774682998657227, 10.627378463745117], [19.934621810913086, 10.028624534606934], [18.406126022338867, 12.455206871032715], [27.5, 0.5], [13.629061698913574, 10.010089874267578]]
[2026-07-07 19:56:40] Marked situation: [0, 0, 0, 0, 0, 0, 0]
[2026-07-07 19:56:40] have_double_effect_times: 0 , is_activating_double_effect: 0 , already_activate_double_effect_times: 0
[2026-07-07 19:56:40] Marked situation: [0, 0, 0, 0, 0, 0, 0]
[2026-07-07 19:56:40] have_double_effect_times: 0 , is_activating_double_effect: 0 , already_activate_double_effect_times: 0
[2026-07-07 19:56:40] Sent map info: [[7.18519401550293, 9.69090747833252], [0.0, 0.0], [2.39681, 2.36], [13.527681350708008, 8.979022026062012], [0.5, 14.5], [7.1300506591796875, 5.117379665374756], [0.0, 0.0], [17.774682998657227, 10.627378463745117], [19.934621810913086, 10.028624534606934], [17.33969211578369, 12.419503211975098], [27.5, 0.5], [13.563146591186523, 9.990652084350586]]
[2026-07-07 19:56:40] Sent map infos: [[7.18519401550293, 9.69090747833252], [0.0, 0.0], [2.39681, 2.36], [13.527681350708008, 8.979022026062012], [0.5, 14.5], [7.1300506591796875, 5.117379665374756], [0.0, 0.0], [17.774682998657227, 10.627378463745117], [19.934621810913086, 10.028624534606934], [17.33969211578369, 12.419503211975098], [27.5, 0.5], [13.563146591186523, 9.990652084350586]]
[2026-07-07 19:56:40] Marked situation: [0, 0, 0, 0, 0, 0, 0]
[2026-07-07 19:56:40] have_double_effect_times: 0 , is_activating_double_effect: 0 , already_activate_double_effect_times: 0
[2026-07-07 19:56:41] Marked situation: [0, 0, 0, 0, 0, 0, 0]
[2026-07-07 19:56:41] have_double_effect_times: 0 , is_activating_double_effect: 0 , already_activate_double_effect_times: 0
[2026-07-07 19:56:41] Sent map info: [[7.232872009277344, 9.703163146972656], [0.0, 0.0], [2.39681, 2.36], [14.0217866897583, 8.984060287475586], [0.5, 14.5], [7.105512619018555, 5.114546775817871], [0.0, 0.0], [17.774682998657227, 10.627378463745117], [19.934621810913086, 10.028624534606934], [15.905807495117188, 12.309879302978516], [27.5, 0.5], [13.572648048400879, 9.980345726013184]]
[2026-07-07 19:56:41] Sent map infos: [[7.232872009277344, 9.703163146972656], [0.0, 0.0], [2.39681, 2.36], [14.0217866897583, 8.984060287475586], [0.5, 14.5], [7.105512619018555, 5.114546775817871], [0.0, 0.0], [17.774682998657227, 10.627378463745117], [19.934621810913086, 10.028624534606934], [15.905807495117188, 12.309879302978516], [27.5, 0.5], [13.572648048400879, 9.980345726013184]]
[2026-07-07 19:56:41] Marked situation: [0, 0, 0, 0, 0, 0, 0]
[2026-07-07 19:56:41] have_double_effect_times: 0 , is_activating_double_effect: 0 , already_activate_double_effect_times: 0
[2026-07-07 19:56:41] Marked situation: [0, 0, 0, 0, 0, 0, 0]
[2026-07-07 19:56:41] have_double_effect_times: 0 , is_activating_double_effect: 0 , already_activate_double_effect_times: 0
[2026-07-07 19:56:41] Sent map info: [[7.210527420043945, 9.69489574432373], [0.0, 0.0], [2.39681, 2.36], [13.698484420776367, 9.202584266662598], [0.5, 14.5], [7.134910583496094, 5.109482765197754], [0.0, 0.0], [17.774682998657227, 10.627378463745117], [19.934621810913086, 10.028624534606934], [14.765641212463379, 12.155241012573242], [27.5, 0.5], [13.597943305969238, 9.998339653015137]]
[2026-07-07 19:56:41] Sent map infos: [[7.210527420043945, 9.69489574432373], [0.0, 0.0], [2.39681, 2.36], [13.698484420776367, 9.202584266662598], [0.5, 14.5], [7.134910583496094, 5.109482765197754], [0.0, 0.0], [17.774682998657227, 10.627378463745117], [19.934621810913086, 10.028624534606934], [14.765641212463379, 12.155241012573242], [27.5, 0.5], [13.597943305969238, 9.998339653015137]]
[2026-07-07 19:56:41] Marked situation: [0, 0, 0, 0, 0, 0, 0]
[2026-07-07 19:56:41] have_double_effect_times: 0 , is_activating_double_effect: 0 , already_activate_double_effect_times: 0
[2026-07-07 19:56:41] Marked situation: [0, 0, 0, 0, 0, 0, 0]
[2026-07-07 19:56:41] have_double_effect_times: 0 , is_activating_double_effect: 0 , already_activate_double_effect_times: 0
[2026-07-07 19:56:41] Sent map info: [[7.208843231201172, 9.697271347045898], [0.0, 0.0], [2.39681, 2.36], [13.855745315551758, 9.2132568359375], [0.5, 14.5], [7.12132453918457, 5.131558418273926], [0.0, 0.0], [17.774682998657227, 10.627378463745117], [19.934621810913086, 10.028624534606934], [13.90268611907959, 12.15131950378418], [27.5, 0.5], [13.583823204040527, 10.013633728027344]]
[2026-07-07 19:56:41] Sent map infos: [[7.208843231201172, 9.697271347045898], [0.0, 0.0], [2.39681, 2.36], [13.855745315551758, 9.2132568359375], [0.5, 14.5], [7.12132453918457, 5.131558418273926], [0.0, 0.0], [17.774682998657227, 10.627378463745117], [19.934621810913086, 10.028624534606934], [13.90268611907959, 12.15131950378418], [27.5, 0.5], [13.583823204040527, 10.013633728027344]]
[2026-07-07 19:56:42] Marked situation: [0, 0, 0, 0, 0, 0, 0]
[2026-07-07 19:56:42] have_double_effect_times: 0 , is_activating_double_effect: 0 , already_activate_double_effect_times: 0
[2026-07-07 19:56:42] Marked situation: [0, 0, 0, 0, 0, 0, 0]
[2026-07-07 19:56:42] have_double_effect_times: 0 , is_activating_double_effect: 0 , already_activate_double_effect_times: 0
[2026-07-07 19:56:42] Sent map info: [[7.210544586181641, 9.694872856140137], [0.0, 0.0], [2.39681, 2.36], [13.31709098815918, 9.260882377624512], [0.5, 14.5], [7.129678726196289, 5.117982864379883], [0.0, 0.0], [17.774682998657227, 10.627378463745117], [19.934621810913086, 10.028624534606934], [13.160881996154785, 12.369734764099121], [27.5, 0.5], [13.536855697631836, 10.10981273651123]]
[2026-07-07 19:56:42] Sent map infos: [[7.210544586181641, 9.694872856140137], [0.0, 0.0], [2.39681, 2.36], [13.31709098815918, 9.260882377624512], [0.5, 14.5], [7.129678726196289, 5.117982864379883], [0.0, 0.0], [17.774682998657227, 10.627378463745117], [19.934621810913086, 10.028624534606934], [13.160881996154785, 12.369734764099121], [27.5, 0.5], [13.536855697631836, 10.10981273651123]]
[2026-07-07 19:56:42] Marked situation: [0, 0, 0, 0, 0, 0, 0]
[2026-07-07 19:56:42] have_double_effect_times: 0 , is_activating_double_effect: 0 , already_activate_double_effect_times: 0
[2026-07-07 19:56:42] Marked situation: [0, 0, 0, 0, 0, 0, 0]
[2026-07-07 19:56:42] have_double_effect_times: 0 , is_activating_double_effect: 0 , already_activate_double_effect_times: 0
[2026-07-07 19:56:42] Sent map info: [[7.210248947143555, 9.695287704467773], [0.0, 0.0], [2.39681, 2.36], [12.586783409118652, 9.722651481628418], [0.5, 14.5], [7.09296989440918, 5.134952545166016], [0.0, 0.0], [17.774682998657227, 10.627378463745117], [19.934621810913086, 10.028624534606934], [13.798314094543457, 12.211091041564941], [27.5, 0.5], [13.604911804199219, 10.308126449584961]]
[2026-07-07 19:56:42] Sent map infos: [[7.210248947143555, 9.695287704467773], [0.0, 0.0], [2.39681, 2.36], [12.586783409118652, 9.722651481628418], [0.5, 14.5], [7.09296989440918, 5.134952545166016], [0.0, 0.0], [17.774682998657227, 10.627378463745117], [19.934621810913086, 10.028624534606934], [13.798314094543457, 12.211091041564941], [27.5, 0.5], [13.604911804199219, 10.308126449584961]]
[2026-07-07 19:56:42] Marked situation: [0, 0, 0, 0, 0, 0, 0]
[2026-07-07 19:56:42] have_double_effect_times: 0 , is_activating_double_effect: 0 , already_activate_double_effect_times: 0
[2026-07-07 19:56:43] Marked situation: [0, 0, 0, 0, 0, 0, 0]
[2026-07-07 19:56:43] have_double_effect_times: 0 , is_activating_double_effect: 0 , already_activate_double_effect_times: 0
[2026-07-07 19:56:43] Sent map info: [[7.209770202636719, 9.695965766906738], [0.0, 0.0], [2.39681, 2.36], [12.22844123840332, 10.392596244812012], [0.5, 14.5], [7.151359558105469, 5.125516891479492], [0.0, 0.0], [17.774682998657227, 10.627378463745117], [19.934621810913086, 10.028624534606934], [13.733916282653809, 12.098502159118652], [27.5, 0.5], [13.351095199584961, 10.445586204528809]]
[2026-07-07 19:56:43] Sent map infos: [[7.209770202636719, 9.695965766906738], [0.0, 0.0], [2.39681, 2.36], [12.22844123840332, 10.392596244812012], [0.5, 14.5], [7.151359558105469, 5.125516891479492], [0.0, 0.0], [17.774682998657227, 10.627378463745117], [19.934621810913086, 10.028624534606934], [13.733916282653809, 12.098502159118652], [27.5, 0.5], [13.351095199584961, 10.445586204528809]]
[2026-07-07 19:56:43] Marked situation: [0, 0, 0, 0, 0, 0, 0]
[2026-07-07 19:56:43] have_double_effect_times: 0 , is_activating_double_effect: 0 , already_activate_double_effect_times: 0
[2026-07-07 19:56:43] Marked situation: [0, 0, 0, 0, 0, 0, 0]
[2026-07-07 19:56:43] have_double_effect_times: 0 , is_activating_double_effect: 0 , already_activate_double_effect_times: 0
[2026-07-07 19:56:43] Sent map info: [[7.210897445678711, 9.694372177124023], [0.0, 0.0], [2.39681, 2.36], [12.386363983154297, 10.567562103271484], [0.5, 14.5], [7.09356689453125, 5.133980751037598], [0.0, 0.0], [17.774682998657227, 10.627378463745117], [19.934621810913086, 10.028624534606934], [13.513617515563965, 12.05571460723877], [27.5, 0.5], [14.205514907836914, 10.673757553100586]]
[2026-07-07 19:56:43] Sent map infos: [[7.210897445678711, 9.694372177124023], [0.0, 0.0], [2.39681, 2.36], [12.386363983154297, 10.567562103271484], [0.5, 14.5], [7.09356689453125, 5.133980751037598], [0.0, 0.0], [17.774682998657227, 10.627378463745117], [19.934621810913086, 10.028624534606934], [13.513617515563965, 12.05571460723877], [27.5, 0.5], [14.205514907836914, 10.673757553100586]]
[2026-07-07 19:56:43] Marked situation: [0, 0, 0, 0, 0, 0, 0]
[2026-07-07 19:56:43] have_double_effect_times: 0 , is_activating_double_effect: 0 , already_activate_double_effect_times: 0
[2026-07-07 19:56:43] Marked situation: [0, 0, 0, 0, 0, 0, 0]
[2026-07-07 19:56:43] have_double_effect_times: 0 , is_activating_double_effect: 0 , already_activate_double_effect_times: 0
[2026-07-07 19:56:43] Sent map info: [[7.210897445678711, 9.694372177124023], [0.0, 0.0], [2.39681, 2.36], [12.386363983154297, 10.567562103271484], [0.5, 14.5], [7.09356689453125, 5.133980751037598], [0.0, 0.0], [17.774682998657227, 10.627378463745117], [19.934621810913086, 10.028624534606934], [13.513617515563965, 12.05571460723877], [27.5, 0.5], [14.205514907836914, 10.673757553100586]]
[2026-07-07 19:56:43] Sent map infos: [[7.210897445678711, 9.694372177124023], [0.0, 0.0], [2.39681, 2.36], [12.386363983154297, 10.567562103271484], [0.5, 14.5], [7.09356689453125, 5.133980751037598], [0.0, 0.0], [17.774682998657227, 10.627378463745117], [19.934621810913086, 10.028624534606934], [13.513617515563965, 12.05571460723877], [27.5, 0.5], [14.205514907836914, 10.673757553100586]]
[2026-07-07 19:56:44] Marked situation: [0, 0, 0, 0, 0, 0, 0]
[2026-07-07 19:56:44] have_double_effect_times: 0 , is_activating_double_effect: 0 , already_activate_double_effect_times: 0
[2026-07-07 19:56:44] Marked situation: [0, 0, 0, 0, 0, 0, 0]
[2026-07-07 19:56:44] have_double_effect_times: 0 , is_activating_double_effect: 0 , already_activate_double_effect_times: 0
[2026-07-07 19:56:44] Sent map info: [[7.210897445678711, 9.694372177124023], [0.0, 0.0], [2.39681, 2.36], [12.386363983154297, 10.567562103271484], [0.5, 14.5], [7.09356689453125, 5.133980751037598], [0.0, 0.0], [17.774682998657227, 10.627378463745117], [19.934621810913086, 10.028624534606934], [13.513617515563965, 12.05571460723877], [27.5, 0.5], [14.205514907836914, 10.673757553100586]]
[2026-07-07 19:56:44] Sent map infos: [[7.210897445678711, 9.694372177124023], [0.0, 0.0], [2.39681, 2.36], [12.386363983154297, 10.567562103271484], [0.5, 14.5], [7.09356689453125, 5.133980751037598], [0.0, 0.0], [17.774682998657227, 10.627378463745117], [19.934621810913086, 10.028624534606934], [13.513617515563965, 12.05571460723877], [27.5, 0.5], [14.205514907836914, 10.673757553100586]]
[2026-07-07 19:56:44] Marked situation: [0, 0, 0, 0, 0, 0, 0]
[2026-07-07 19:56:44] have_double_effect_times: 0 , is_activating_double_effect: 0 , already_activate_double_effect_times: 0
[2026-07-07 19:56:44] Marked situation: [0, 0, 0, 0, 0, 0, 0]
[2026-07-07 19:56:44] have_double_effect_times: 0 , is_activating_double_effect: 0 , already_activate_double_effect_times: 0
[2026-07-07 19:56:44] Sent map info: [[7.210897445678711, 9.694372177124023], [0.0, 0.0], [2.39681, 2.36], [12.386363983154297, 10.567562103271484], [0.5, 14.5], [7.09356689453125, 5.133980751037598], [0.0, 0.0], [17.774682998657227, 10.627378463745117], [19.934621810913086, 10.028624534606934], [13.513617515563965, 12.05571460723877], [27.5, 0.5], [14.205514907836914, 10.673757553100586]]
[2026-07-07 19:56:44] Sent map infos: [[7.210897445678711, 9.694372177124023], [0.0, 0.0], [2.39681, 2.36], [12.386363983154297, 10.567562103271484], [0.5, 14.5], [7.09356689453125, 5.133980751037598], [0.0, 0.0], [17.774682998657227, 10.627378463745117], [19.934621810913086, 10.028624534606934], [13.513617515563965, 12.05571460723877], [27.5, 0.5], [14.205514907836914, 10.673757553100586]]
[2026-07-07 19:56:44] Marked situation: [0, 0, 0, 0, 0, 0, 0]
[2026-07-07 19:56:44] have_double_effect_times: 0 , is_activating_double_effect: 0 , already_activate_double_effect_times: 0
[2026-07-07 19:56:45] Marked situation: [0, 0, 0, 0, 0, 0, 0]
[2026-07-07 19:56:45] have_double_effect_times: 0 , is_activating_double_effect: 0 , already_activate_double_effect_times: 0
[2026-07-07 19:56:45] Sent map info: [[7.210897445678711, 9.694372177124023], [0.0, 0.0], [2.39681, 2.36], [12.386363983154297, 10.567562103271484], [0.5, 14.5], [7.09356689453125, 5.133980751037598], [0.0, 0.0], [17.774682998657227, 10.627378463745117], [19.934621810913086, 10.028624534606934], [13.513617515563965, 12.05571460723877], [27.5, 0.5], [14.205514907836914, 10.673757553100586]]
[2026-07-07 19:56:45] Sent map infos: [[7.210897445678711, 9.694372177124023], [0.0, 0.0], [2.39681, 2.36], [12.386363983154297, 10.567562103271484], [0.5, 14.5], [7.09356689453125, 5.133980751037598], [0.0, 0.0], [17.774682998657227, 10.627378463745117], [19.934621810913086, 10.028624534606934], [13.513617515563965, 12.05571460723877], [27.5, 0.5], [14.205514907836914, 10.673757553100586]]
[2026-07-07 19:56:45] Marked situation: [0, 0, 0, 0, 0, 0, 0]
[2026-07-07 19:56:45] have_double_effect_times: 0 , is_activating_double_effect: 0 , already_activate_double_effect_times: 0
[2026-07-07 19:56:45] Marked situation: [0, 0, 0, 0, 0, 0, 0]
[2026-07-07 19:56:45] have_double_effect_times: 0 , is_activating_double_effect: 0 , already_activate_double_effect_times: 0
[2026-07-07 19:56:45] Sent map info: [[7.210897445678711, 9.694372177124023], [0.0, 0.0], [2.39681, 2.36], [12.386363983154297, 10.567562103271484], [0.5, 14.5], [7.09356689453125, 5.133980751037598], [0.0, 0.0], [17.774682998657227, 10.627378463745117], [19.934621810913086, 10.028624534606934], [13.513617515563965, 12.05571460723877], [27.5, 0.5], [14.205514907836914, 10.673757553100586]]
[2026-07-07 19:56:45] Sent map infos: [[7.210897445678711, 9.694372177124023], [0.0, 0.0], [2.39681, 2.36], [12.386363983154297, 10.567562103271484], [0.5, 14.5], [7.09356689453125, 5.133980751037598], [0.0, 0.0], [17.774682998657227, 10.627378463745117], [19.934621810913086, 10.028624534606934], [13.513617515563965, 12.05571460723877], [27.5, 0.5], [14.205514907836914, 10.673757553100586]]
[2026-07-07 19:56:45] Marked situation: [0, 0, 0, 0, 0, 0, 0]
[2026-07-07 19:56:45] have_double_effect_times: 0 , is_activating_double_effect: 0 , already_activate_double_effect_times: 0
[2026-07-07 19:56:45] Sent map info: [[7.210897445678711, 9.694372177124023], [0.0, 0.0], [2.39681, 2.36], [12.386363983154297, 10.567562103271484], [0.5, 14.5], [7.09356689453125, 5.133980751037598], [0.0, 0.0], [17.774682998657227, 10.627378463745117], [19.934621810913086, 10.028624534606934], [13.513617515563965, 12.05571460723877], [27.5, 0.5], [14.205514907836914, 10.673757553100586]]
[2026-07-07 19:56:45] Sent map infos: [[7.210897445678711, 9.694372177124023], [0.0, 0.0], [2.39681, 2.36], [12.386363983154297, 10.567562103271484], [0.5, 14.5], [7.09356689453125, 5.133980751037598], [0.0, 0.0], [17.774682998657227, 10.627378463745117], [19.934621810913086, 10.028624534606934], [13.513617515563965, 12.05571460723877], [27.5, 0.5], [14.205514907836914, 10.673757553100586]]
[2026-07-07 19:56:45] Marked situation: [0, 0, 0, 0, 0, 0, 0]
[2026-07-07 19:56:45] have_double_effect_times: 0 , is_activating_double_effect: 0 , already_activate_double_effect_times: 0
