[2026-07-06 21:28:35] [ROS] 节点已初始化: /unnamed
[2026-07-06 21:28:35] [ROS] 已订阅 /drone_field_xyz
[2026-07-06 21:28:35] [ROS] 已订阅 /radar/enemy/jam_key
[2026-07-06 21:28:35] [ROS] 已订阅 /radar/enemy/health_array
[2026-07-06 21:28:53] Messager start
[2026-07-06 21:28:53] Marked situation: [0, 0, 0, 0, 0, 0, 0]
[2026-07-06 21:28:53] have_double_effect_times: 0 , is_activating_double_effect: 0 , already_activate_double_effect_times: 0
[2026-07-06 21:28:53] Sent map info: [[0.0, 0.0], [0.0, 0.0], [2.39681, 2.36], [2.39681, 2.36], [0.5, 14.5], [2.39681, 2.36], [0.0, 0.0], [0.0, 0.0], [0.0, 0.0], [0.0, 0.0], [27.5, 0.5], [0.0, 0.0]]
[2026-07-06 21:28:53] Sent map infos: [[0.0, 0.0], [0.0, 0.0], [2.39681, 2.36], [2.39681, 2.36], [0.5, 14.5], [2.39681, 2.36], [0.0, 0.0], [0.0, 0.0], [0.0, 0.0], [0.0, 0.0], [27.5, 0.5], [0.0, 0.0]]
[2026-07-06 21:28:53] Marked situation: [0, 0, 0, 0, 0, 0, 0]
[2026-07-06 21:28:53] have_double_effect_times: 0 , is_activating_double_effect: 0 , already_activate_double_effect_times: 0
[2026-07-06 21:28:53] Marked situation: [0, 0, 0, 0, 0, 0, 0]
[2026-07-06 21:28:53] have_double_effect_times: 0 , is_activating_double_effect: 0 , already_activate_double_effect_times: 0
[2026-07-06 21:28:53] Sent map info: [[0.0, 0.0], [0.0, 0.0], [2.39681, 2.36], [2.39681, 2.36], [0.5, 14.5], [2.39681, 2.36], [0.0, 0.0], [0.0, 0.0], [0.0, 0.0], [0.0, 0.0], [27.5, 0.5], [0.0, 0.0]]
[2026-07-06 21:28:53] Sent map infos: [[0.0, 0.0], [0.0, 0.0], [2.39681, 2.36], [2.39681, 2.36], [0.5, 14.5], [2.39681, 2.36], [0.0, 0.0], [0.0, 0.0], [0.0, 0.0], [0.0, 0.0], [27.5, 0.5], [0.0, 0.0]]
[2026-07-06 21:28:53] Marked situation: [0, 0, 0, 0, 0, 0, 0]
[2026-07-06 21:28:53] have_double_effect_times: 0 , is_activating_double_effect: 0 , already_activate_double_effect_times: 0
[2026-07-06 21:28:54] Marked situation: [0, 0, 0, 0, 0, 0, 0]
[2026-07-06 21:28:54] have_double_effect_times: 0 , is_activating_double_effect: 0 , already_activate_double_effect_times: 0
[2026-07-06 21:28:54] Sent map info: [[0.0, 0.0], [0, 2.6586098670959473], [2.39681, 2.36], [2.39681, 2.36], [0.5, 14.5], [0, 0], [0.0, 0.0], [12.199701309204102, 11.092195510864258], [11.962835311889648, 11.002957344055176], [11.739313125610352, 5.665175914764404], [27.5, 0.5], [0.0, 0.0]]
[2026-07-06 21:28:54] Sent map infos: [[0.0, 0.0], [0, 2.6586098670959473], [2.39681, 2.36], [2.39681, 2.36], [0.5, 14.5], [0, 0], [0.0, 0.0], [12.199701309204102, 11.092195510864258], [11.962835311889648, 11.002957344055176], [11.739313125610352, 5.665175914764404], [27.5, 0.5], [0.0, 0.0]]
[2026-07-06 21:28:54] Marked situation: [0, 0, 0, 0, 0, 0, 0]
[2026-07-06 21:28:54] have_double_effect_times: 0 , is_activating_double_effect: 0 , already_activate_double_effect_times: 0
[2026-07-06 21:28:54] Marked situation: [0, 0, 0, 0, 0, 0, 0]
[2026-07-06 21:28:54] have_double_effect_times: 0 , is_activating_double_effect: 0 , already_activate_double_effect_times: 0
[2026-07-06 21:28:54] Sent map info: [[0.0, 0.0], [0, 2.718784809112549], [2.39681, 2.36], [2.39681, 2.36], [0.5, 14.5], [0, 0], [0.0, 0.0], [11.568653106689453, 11.11789321899414], [11.628414154052734, 10.975913047790527], [11.700437545776367, 5.564064979553223], [27.5, 0.5], [0.0, 0.0]]
[2026-07-06 21:28:54] Sent map infos: [[0.0, 0.0], [0, 2.718784809112549], [2.39681, 2.36], [2.39681, 2.36], [0.5, 14.5], [0, 0], [0.0, 0.0], [11.568653106689453, 11.11789321899414], [11.628414154052734, 10.975913047790527], [11.700437545776367, 5.564064979553223], [27.5, 0.5], [0.0, 0.0]]
[2026-07-06 21:28:54] Marked situation: [0, 0, 0, 0, 0, 0, 0]
[2026-07-06 21:28:54] have_double_effect_times: 0 , is_activating_double_effect: 0 , already_activate_double_effect_times: 0
[2026-07-06 21:28:54] Marked situation: [0, 0, 0, 0, 0, 0, 0]
[2026-07-06 21:28:54] have_double_effect_times: 0 , is_activating_double_effect: 0 , already_activate_double_effect_times: 0
[2026-07-06 21:28:54] Sent map info: [[0.0, 0.0], [0, 2.4982728958129883], [2.39681, 2.36], [2.39681, 2.36], [0.5, 14.5], [0, 0], [0.0, 0.0], [11.734321594238281, 11.30964183807373], [11.628414154052734, 10.975913047790527], [11.86463737487793, 5.778010368347168], [27.5, 0.5], [9.131807327270508, 6.120246887207031]]
[2026-07-06 21:28:54] Sent map infos: [[0.0, 0.0], [0, 2.4982728958129883], [2.39681, 2.36], [2.39681, 2.36], [0.5, 14.5], [0, 0], [0.0, 0.0], [11.734321594238281, 11.30964183807373], [11.628414154052734, 10.975913047790527], [11.86463737487793, 5.778010368347168], [27.5, 0.5], [9.131807327270508, 6.120246887207031]]
[2026-07-06 21:28:55] Marked situation: [0, 0, 0, 0, 0, 0, 0]
[2026-07-06 21:28:55] have_double_effect_times: 0 , is_activating_double_effect: 0 , already_activate_double_effect_times: 0
[2026-07-06 21:28:55] Marked situation: [0, 0, 0, 0, 0, 0, 0]
[2026-07-06 21:28:55] have_double_effect_times: 0 , is_activating_double_effect: 0 , already_activate_double_effect_times: 0
[2026-07-06 21:28:55] Sent map info: [[0.0, 0.0], [0, 2.755776882171631], [2.39681, 2.36], [2.39681, 2.36], [0.5, 14.5], [0, 0], [0.0, 0.0], [11.697647094726562, 11.226171493530273], [11.58043098449707, 10.959395408630371], [11.695606231689453, 5.551497459411621], [27.5, 0.5], [9.068550109863281, 6.082688808441162]]
[2026-07-06 21:28:55] Sent map infos: [[0.0, 0.0], [0, 2.755776882171631], [2.39681, 2.36], [2.39681, 2.36], [0.5, 14.5], [0, 0], [0.0, 0.0], [11.697647094726562, 11.226171493530273], [11.58043098449707, 10.959395408630371], [11.695606231689453, 5.551497459411621], [27.5, 0.5], [9.068550109863281, 6.082688808441162]]
[2026-07-06 21:28:55] Marked situation: [0, 0, 0, 0, 0, 0, 0]
[2026-07-06 21:28:55] have_double_effect_times: 0 , is_activating_double_effect: 0 , already_activate_double_effect_times: 0
[2026-07-06 21:28:55] Marked situation: [0, 0, 0, 0, 0, 0, 0]
[2026-07-06 21:28:55] have_double_effect_times: 0 , is_activating_double_effect: 0 , already_activate_double_effect_times: 0
[2026-07-06 21:28:55] Sent map info: [[0.0, 0.0], [0, 2.693004608154297], [2.39681, 2.36], [2.39681, 2.36], [0.5, 14.5], [0, 0], [0.0, 0.0], [11.53133773803711, 10.940627098083496], [11.320903778076172, 10.743597030639648], [11.579137802124023, 5.356454372406006], [27.5, 0.5], [9.101055145263672, 6.258965969085693]]
[2026-07-06 21:28:55] Sent map infos: [[0.0, 0.0], [0, 2.693004608154297], [2.39681, 2.36], [2.39681, 2.36], [0.5, 14.5], [0, 0], [0.0, 0.0], [11.53133773803711, 10.940627098083496], [11.320903778076172, 10.743597030639648], [11.579137802124023, 5.356454372406006], [27.5, 0.5], [9.101055145263672, 6.258965969085693]]
[2026-07-06 21:28:55] Marked situation: [0, 0, 0, 0, 0, 0, 0]
[2026-07-06 21:28:55] have_double_effect_times: 0 , is_activating_double_effect: 0 , already_activate_double_effect_times: 0
[2026-07-06 21:28:56] Marked situation: [0, 0, 0, 0, 0, 0, 0]
[2026-07-06 21:28:56] have_double_effect_times: 0 , is_activating_double_effect: 0 , already_activate_double_effect_times: 0
[2026-07-06 21:28:56] Sent map info: [[0.0, 0.0], [0, 2.6333682537078857], [2.39681, 2.36], [2.39681, 2.36], [0.5, 14.5], [0, 0], [0.0, 0.0], [11.53133773803711, 10.940627098083496], [11.796882629394531, 10.617273330688477], [12.108181953430176, 5.990701675415039], [27.5, 0.5], [9.789167404174805, 6.9847412109375]]
[2026-07-06 21:28:56] Sent map infos: [[0.0, 0.0], [0, 2.6333682537078857], [2.39681, 2.36], [2.39681, 2.36], [0.5, 14.5], [0, 0], [0.0, 0.0], [11.53133773803711, 10.940627098083496], [11.796882629394531, 10.617273330688477], [12.108181953430176, 5.990701675415039], [27.5, 0.5], [9.789167404174805, 6.9847412109375]]
[2026-07-06 21:28:56] Marked situation: [0, 0, 0, 0, 0, 0, 0]
[2026-07-06 21:28:56] have_double_effect_times: 0 , is_activating_double_effect: 0 , already_activate_double_effect_times: 0
[2026-07-06 21:28:56] Marked situation: [0, 0, 0, 0, 0, 0, 0]
[2026-07-06 21:28:56] have_double_effect_times: 0 , is_activating_double_effect: 0 , already_activate_double_effect_times: 0
[2026-07-06 21:28:56] Sent map info: [[0.0, 0.0], [0, 2.5800154209136963], [2.39681, 2.36], [2.39681, 2.36], [0.5, 14.5], [0, 0], [0.0, 0.0], [11.53133773803711, 10.940627098083496], [14.031991004943848, 10.8762788772583], [11.918415069580078, 5.811872482299805], [27.5, 0.5], [10.008695602416992, 7.2809529304504395]]
[2026-07-06 21:28:56] Sent map infos: [[0.0, 0.0], [0, 2.5800154209136963], [2.39681, 2.36], [2.39681, 2.36], [0.5, 14.5], [0, 0], [0.0, 0.0], [11.53133773803711, 10.940627098083496], [14.031991004943848, 10.8762788772583], [11.918415069580078, 5.811872482299805], [27.5, 0.5], [10.008695602416992, 7.2809529304504395]]
[2026-07-06 21:28:56] Marked situation: [0, 0, 0, 0, 0, 0, 0]
[2026-07-06 21:28:56] have_double_effect_times: 0 , is_activating_double_effect: 0 , already_activate_double_effect_times: 0
[2026-07-06 21:28:56] Marked situation: [0, 0, 0, 0, 0, 0, 0]
[2026-07-06 21:28:56] have_double_effect_times: 0 , is_activating_double_effect: 0 , already_activate_double_effect_times: 0
[2026-07-06 21:28:56] Sent map info: [[0.0, 0.0], [0, 2.6985533237457275], [2.39681, 2.36], [2.39681, 2.36], [0.5, 14.5], [0, 0], [0.0, 0.0], [11.53133773803711, 10.940627098083496], [16.29313564300537, 11.287747383117676], [12.058333396911621, 5.965885639190674], [27.5, 0.5], [10.926441192626953, 7.898237705230713]]
[2026-07-06 21:28:56] Sent map infos: [[0.0, 0.0], [0, 2.6985533237457275], [2.39681, 2.36], [2.39681, 2.36], [0.5, 14.5], [0, 0], [0.0, 0.0], [11.53133773803711, 10.940627098083496], [16.29313564300537, 11.287747383117676], [12.058333396911621, 5.965885639190674], [27.5, 0.5], [10.926441192626953, 7.898237705230713]]
[2026-07-06 21:28:57] Marked situation: [0, 0, 0, 0, 0, 0, 0]
[2026-07-06 21:28:57] have_double_effect_times: 0 , is_activating_double_effect: 0 , already_activate_double_effect_times: 0
[2026-07-06 21:28:57] Marked situation: [0, 0, 0, 0, 0, 0, 0]
[2026-07-06 21:28:57] have_double_effect_times: 0 , is_activating_double_effect: 0 , already_activate_double_effect_times: 0
[2026-07-06 21:28:57] Sent map info: [[0.0, 0.0], [0, 2.2476401329040527], [2.39681, 2.36], [2.39681, 2.36], [0.5, 14.5], [0, 0], [0.0, 0.0], [11.53133773803711, 10.940627098083496], [17.282495498657227, 12.105661392211914], [11.223711013793945, 5.196170330047607], [27.5, 0.5], [12.031111717224121, 8.172138214111328]]
[2026-07-06 21:28:57] Sent map infos: [[0.0, 0.0], [0, 2.2476401329040527], [2.39681, 2.36], [2.39681, 2.36], [0.5, 14.5], [0, 0], [0.0, 0.0], [11.53133773803711, 10.940627098083496], [17.282495498657227, 12.105661392211914], [11.223711013793945, 5.196170330047607], [27.5, 0.5], [12.031111717224121, 8.172138214111328]]
[2026-07-06 21:28:57] Marked situation: [0, 0, 0, 0, 0, 0, 0]
[2026-07-06 21:28:57] have_double_effect_times: 0 , is_activating_double_effect: 0 , already_activate_double_effect_times: 0
[2026-07-06 21:28:57] Marked situation: [0, 0, 0, 0, 0, 0, 0]
[2026-07-06 21:28:57] have_double_effect_times: 0 , is_activating_double_effect: 0 , already_activate_double_effect_times: 0
[2026-07-06 21:28:57] Sent map info: [[0, 0], [0, 1.8093483448028564], [2.39681, 2.36], [2.39681, 2.36], [0.5, 14.5], [0, 0], [0.0, 0.0], [11.53133773803711, 10.940627098083496], [18.43888282775879, 12.363382339477539], [11.091684341430664, 5.075827598571777], [27.5, 0.5], [12.281989097595215, 8.79901123046875]]
[2026-07-06 21:28:57] Sent map infos: [[0, 0], [0, 1.8093483448028564], [2.39681, 2.36], [2.39681, 2.36], [0.5, 14.5], [0, 0], [0.0, 0.0], [11.53133773803711, 10.940627098083496], [18.43888282775879, 12.363382339477539], [11.091684341430664, 5.075827598571777], [27.5, 0.5], [12.281989097595215, 8.79901123046875]]
[2026-07-06 21:28:57] Marked situation: [0, 0, 0, 0, 0, 0, 0]
[2026-07-06 21:28:57] have_double_effect_times: 0 , is_activating_double_effect: 0 , already_activate_double_effect_times: 0
[2026-07-06 21:28:58] Marked situation: [0, 0, 0, 0, 0, 0, 0]
[2026-07-06 21:28:58] have_double_effect_times: 0 , is_activating_double_effect: 0 , already_activate_double_effect_times: 0
[2026-07-06 21:28:58] Sent map info: [[0, 0], [0, 1.8262910842895508], [2.39681, 2.36], [2.39681, 2.36], [0.5, 14.5], [0, 0], [0.0, 0.0], [11.53133773803711, 10.940627098083496], [18.922839164733887, 11.644661903381348], [10.32710075378418, 4.024620056152344], [27.5, 0.5], [12.9188871383667, 9.424844741821289]]
[2026-07-06 21:28:58] Sent map infos: [[0, 0], [0, 1.8262910842895508], [2.39681, 2.36], [2.39681, 2.36], [0.5, 14.5], [0, 0], [0.0, 0.0], [11.53133773803711, 10.940627098083496], [18.922839164733887, 11.644661903381348], [10.32710075378418, 4.024620056152344], [27.5, 0.5], [12.9188871383667, 9.424844741821289]]
[2026-07-06 21:28:58] Marked situation: [0, 0, 0, 0, 0, 0, 0]
[2026-07-06 21:28:58] have_double_effect_times: 0 , is_activating_double_effect: 0 , already_activate_double_effect_times: 0
[2026-07-06 21:28:58] Marked situation: [0, 0, 0, 0, 0, 0, 0]
[2026-07-06 21:28:58] have_double_effect_times: 0 , is_activating_double_effect: 0 , already_activate_double_effect_times: 0
[2026-07-06 21:28:58] Sent map info: [[0, 0], [0, 1.8160197734832764], [2.39681, 2.36], [2.39681, 2.36], [0.5, 14.5], [0, 0], [0.0, 0.0], [11.53133773803711, 10.940627098083496], [19.0983247756958, 11.29024600982666], [9.183727264404297, 2.780197858810425], [27.5, 0.5], [13.472312927246094, 9.88210391998291]]
[2026-07-06 21:28:58] Sent map infos: [[0, 0], [0, 1.8160197734832764], [2.39681, 2.36], [2.39681, 2.36], [0.5, 14.5], [0, 0], [0.0, 0.0], [11.53133773803711, 10.940627098083496], [19.0983247756958, 11.29024600982666], [9.183727264404297, 2.780197858810425], [27.5, 0.5], [13.472312927246094, 9.88210391998291]]
[2026-07-06 21:28:58] Marked situation: [0, 0, 0, 0, 0, 0, 0]
[2026-07-06 21:28:58] have_double_effect_times: 0 , is_activating_double_effect: 0 , already_activate_double_effect_times: 0
[2026-07-06 21:28:58] Marked situation: [0, 0, 0, 0, 0, 0, 0]
[2026-07-06 21:28:58] have_double_effect_times: 0 , is_activating_double_effect: 0 , already_activate_double_effect_times: 0
[2026-07-06 21:28:58] Sent map info: [[0, 0], [0, 1.7538427114486694], [2.39681, 2.36], [2.39681, 2.36], [0.5, 14.5], [0, 0], [0.0, 0.0], [18.609472274780273, 10.334108352661133], [19.0983247756958, 11.29024600982666], [10.360864639282227, 4.218614101409912], [27.5, 0.5], [13.488741874694824, 10.022080421447754]]
[2026-07-06 21:28:58] Sent map infos: [[0, 0], [0, 1.7538427114486694], [2.39681, 2.36], [2.39681, 2.36], [0.5, 14.5], [0, 0], [0.0, 0.0], [18.609472274780273, 10.334108352661133], [19.0983247756958, 11.29024600982666], [10.360864639282227, 4.218614101409912], [27.5, 0.5], [13.488741874694824, 10.022080421447754]]
[2026-07-06 21:28:59] Marked situation: [0, 0, 0, 0, 0, 0, 0]
[2026-07-06 21:28:59] have_double_effect_times: 0 , is_activating_double_effect: 0 , already_activate_double_effect_times: 0
[2026-07-06 21:28:59] Marked situation: [0, 0, 0, 0, 0, 0, 0]
[2026-07-06 21:28:59] have_double_effect_times: 0 , is_activating_double_effect: 0 , already_activate_double_effect_times: 0
[2026-07-06 21:28:59] Sent map info: [[0, 0], [0, 1.8057395219802856], [2.39681, 2.36], [2.39681, 2.36], [0.5, 14.5], [0, 0], [0.0, 0.0], [18.40139675140381, 10.387897491455078], [18.20015239715576, 10.476066589355469], [11.78834342956543, 5.685813903808594], [27.5, 0.5], [13.528349876403809, 10.028885841369629]]
[2026-07-06 21:28:59] Sent map infos: [[0, 0], [0, 1.8057395219802856], [2.39681, 2.36], [2.39681, 2.36], [0.5, 14.5], [0, 0], [0.0, 0.0], [18.40139675140381, 10.387897491455078], [18.20015239715576, 10.476066589355469], [11.78834342956543, 5.685813903808594], [27.5, 0.5], [13.528349876403809, 10.028885841369629]]
[2026-07-06 21:28:59] Marked situation: [0, 0, 0, 0, 0, 0, 0]
[2026-07-06 21:28:59] have_double_effect_times: 0 , is_activating_double_effect: 0 , already_activate_double_effect_times: 0
[2026-07-06 21:28:59] Marked situation: [0, 0, 0, 0, 0, 0, 0]
[2026-07-06 21:28:59] have_double_effect_times: 0 , is_activating_double_effect: 0 , already_activate_double_effect_times: 0
[2026-07-06 21:28:59] Sent map info: [[0, 0], [0, 2.0242862701416016], [2.39681, 2.36], [2.39681, 2.36], [0.5, 14.5], [0, 0], [0.0, 0.0], [17.26273536682129, 10.247309684753418], [17.30366802215576, 10.18233871459961], [12.067428588867188, 5.989821910858154], [27.5, 0.5], [13.567246437072754, 10.034043312072754]]
[2026-07-06 21:28:59] Sent map infos: [[0, 0], [0, 2.0242862701416016], [2.39681, 2.36], [2.39681, 2.36], [0.5, 14.5], [0, 0], [0.0, 0.0], [17.26273536682129, 10.247309684753418], [17.30366802215576, 10.18233871459961], [12.067428588867188, 5.989821910858154], [27.5, 0.5], [13.567246437072754, 10.034043312072754]]
[2026-07-06 21:28:59] Marked situation: [0, 0, 0, 0, 0, 0, 0]
[2026-07-06 21:28:59] have_double_effect_times: 0 , is_activating_double_effect: 0 , already_activate_double_effect_times: 0
[2026-07-06 21:29:00] Marked situation: [0, 0, 0, 0, 0, 0, 0]
[2026-07-06 21:29:00] have_double_effect_times: 0 , is_activating_double_effect: 0 , already_activate_double_effect_times: 0
[2026-07-06 21:29:00] Sent map info: [[0, 0], [0, 2.030848979949951], [2.39681, 2.36], [2.39681, 2.36], [0.5, 14.5], [0, 0], [0.0, 0.0], [17.26273536682129, 10.247309684753418], [17.6467227935791, 9.61551284790039], [10.859716415405273, 4.921814918518066], [27.5, 0.5], [13.56653118133545, 10.032163619995117]]
[2026-07-06 21:29:00] Sent map infos: [[0, 0], [0, 2.030848979949951], [2.39681, 2.36], [2.39681, 2.36], [0.5, 14.5], [0, 0], [0.0, 0.0], [17.26273536682129, 10.247309684753418], [17.6467227935791, 9.61551284790039], [10.859716415405273, 4.921814918518066], [27.5, 0.5], [13.56653118133545, 10.032163619995117]]
[2026-07-06 21:29:00] Marked situation: [0, 0, 0, 0, 0, 0, 0]
[2026-07-06 21:29:00] have_double_effect_times: 0 , is_activating_double_effect: 0 , already_activate_double_effect_times: 0
[2026-07-06 21:29:00] Messager stop
[2026-07-06 21:29:00] Marked situation: [0, 0, 0, 0, 0, 0, 0]
[2026-07-06 21:29:00] have_double_effect_times: 0 , is_activating_double_effect: 0 , already_activate_double_effect_times: 0
[2026-07-06 21:29:00] Sent map info: [[0, 0], [0, 1.9855868816375732], [2.39681, 2.36], [2.39681, 2.36], [0.5, 14.5], [0, 0], [0.0, 0.0], [17.26273536682129, 10.247309684753418], [17.6467227935791, 9.61551284790039], [9.782636642456055, 3.118358850479126], [27.5, 0.5], [13.567127227783203, 10.033729553222656]]
[2026-07-06 21:29:00] Sent map infos: [[0, 0], [0, 1.9855868816375732], [2.39681, 2.36], [2.39681, 2.36], [0.5, 14.5], [0, 0], [0.0, 0.0], [17.26273536682129, 10.247309684753418], [17.6467227935791, 9.61551284790039], [9.782636642456055, 3.118358850479126], [27.5, 0.5], [13.567127227783203, 10.033729553222656]]
