[2026-07-06 21:28:53] Send self decision info: 0xa5 0x0e 0x00 0x00 0x37 0x01 0x03 0x21 0x01 0x6d 0x00 0x80 0x80 0x00 0x02 0x31 0x32 0x33 0x34 0x35 0x36 0x9d 0x8d
[2026-07-06 21:28:53] Preparing to send all location info: [ 0.00, 0.00 ], [ 0.00, 0.00 ], [ 2.40, 2.36 ], [ 2.40, 2.36 ], [ 0.50, 14.50 ], [ 2.40, 2.36 ], [ 0.00, 0.00 ], [ 0.00, 0.00 ], [ 0.00, 0.00 ], [ 0.00, 0.00 ], [ 27.50, 0.50 ], [ 0.00, 0.00 ]
[2026-07-06 21:28:53] Generated sentinel field info: 0xa5 0x36 0x00 0x00 0xcc 0x01 0x03 0x02 0x02 0x6d 0x00 0x6b 0x00 0x00 0x00 0x00 0x00 0x00 0x00 0x00 0x00 0x00 0x00 0x00 0x00 0x00 0x00 0x00 0x00 0x56 0x65 0x19 0x40 0x3d 0x0a 0x17 0x40 0x56 0x65 0x19 0x40 0x3d 0x0a 0x17 0x40 0x00 0x00 0x00 0x3f 0x00 0x00 0x68 0x41 0x56 0x65 0x19 0x40 0x3d 0x0a 0x17 0x40 0x17 0x55
[2026-07-06 21:28:53] Send self decision info: 0xa5 0x0e 0x00 0x00 0x37 0x01 0x03 0x21 0x01 0x6d 0x00 0x80 0x80 0x00 0x02 0x31 0x32 0x33 0x34 0x35 0x36 0x9d 0x8d
[2026-07-06 21:28:53] Send self decision info: 0xa5 0x0e 0x00 0x00 0x37 0x01 0x03 0x21 0x01 0x6d 0x00 0x80 0x80 0x00 0x02 0x31 0x32 0x33 0x34 0x35 0x36 0x9d 0x8d
[2026-07-06 21:28:53] Preparing to send all location info: [ 0.00, 0.00 ], [ 0.00, 0.00 ], [ 2.40, 2.36 ], [ 2.40, 2.36 ], [ 0.50, 14.50 ], [ 2.40, 2.36 ], [ 0.00, 0.00 ], [ 0.00, 0.00 ], [ 0.00, 0.00 ], [ 0.00, 0.00 ], [ 27.50, 0.50 ], [ 0.00, 0.00 ]
[2026-07-06 21:28:53] Generated sentinel field info: 0xa5 0x36 0x00 0x00 0xcc 0x01 0x03 0x02 0x02 0x6d 0x00 0x6b 0x00 0x00 0x00 0x00 0x00 0x00 0x00 0x00 0x00 0x00 0x00 0x00 0x00 0x00 0x00 0x00 0x00 0x56 0x65 0x19 0x40 0x3d 0x0a 0x17 0x40 0x56 0x65 0x19 0x40 0x3d 0x0a 0x17 0x40 0x00 0x00 0x00 0x3f 0x00 0x00 0x68 0x41 0x56 0x65 0x19 0x40 0x3d 0x0a 0x17 0x40 0x17 0x55
[2026-07-06 21:28:53] Send self decision info: 0xa5 0x0e 0x00 0x00 0x37 0x01 0x03 0x21 0x01 0x6d 0x00 0x80 0x80 0x00 0x02 0x31 0x32 0x33 0x34 0x35 0x36 0x9d 0x8d
[2026-07-06 21:28:54] Send self decision info: 0xa5 0x0e 0x00 0x00 0x37 0x01 0x03 0x21 0x01 0x6d 0x00 0x80 0x80 0x00 0x02 0x31 0x32 0x33 0x34 0x35 0x36 0x9d 0x8d
[2026-07-06 21:28:54] Preparing to send all location info: [ 0.00, 0.00 ], [ 0.00, 2.66 ], [ 2.40, 2.36 ], [ 2.40, 2.36 ], [ 0.50, 14.50 ], [ 0.00, 0.00 ], [ 0.00, 0.00 ], [ 12.20, 11.09 ], [ 11.96, 11.00 ], [ 11.74, 5.67 ], [ 27.50, 0.50 ], [ 0.00, 0.00 ]
[2026-07-06 21:28:54] Generated sentinel field info: 0xa5 0x36 0x00 0x00 0xcc 0x01 0x03 0x02 0x02 0x6d 0x00 0x6b 0x00 0x00 0x00 0x00 0x00 0x00 0x00 0x00 0x00 0x00 0x00 0x00 0x00 0xaa 0x26 0x2a 0x40 0x56 0x65 0x19 0x40 0x3d 0x0a 0x17 0x40 0x56 0x65 0x19 0x40 0x3d 0x0a 0x17 0x40 0x00 0x00 0x00 0x3f 0x00 0x00 0x68 0x41 0x00 0x00 0x00 0x00 0x00 0x00 0x00 0x00 0xec 0x5c
[2026-07-06 21:28:54] Send self decision info: 0xa5 0x0e 0x00 0x00 0x37 0x01 0x03 0x21 0x01 0x6d 0x00 0x80 0x80 0x00 0x02 0x31 0x32 0x33 0x34 0x35 0x36 0x9d 0x8d
[2026-07-06 21:28:54] Generated sentinel field info: 0xa5 0x36 0x00 0x00 0xcc 0x01 0x03 0x02 0x02 0x6d 0x00 0x6b 0x00 0x00 0x00 0x00 0x00 0x00 0x00 0x00 0x00 0x00 0x00 0x00 0x00 0xe2 0xf0 0x2f 0x40 0x56 0x65 0x19 0x40 0x3d 0x0a 0x17 0x40 0x56 0x65 0x19 0x40 0x3d 0x0a 0x17 0x40 0x00 0x00 0x00 0x3f 0x00 0x00 0x68 0x41 0x00 0x00 0x00 0x00 0x00 0x00 0x00 0x00 0xa0 0x4e
[2026-07-06 21:28:54] Send self decision info: 0xa5 0x0e 0x00 0x00 0x37 0x01 0x03 0x21 0x01 0x6d 0x00 0x80 0x80 0x00 0x02 0x31 0x32 0x33 0x34 0x35 0x36 0x9d 0x8d
[2026-07-06 21:28:54] Preparing to send all location info: [ 0.00, 0.00 ], [ 0.00, 2.72 ], [ 2.40, 2.36 ], [ 2.40, 2.36 ], [ 0.50, 14.50 ], [ 0.00, 0.00 ], [ 0.00, 0.00 ], [ 11.57, 11.12 ], [ 11.63, 10.98 ], [ 11.70, 5.56 ], [ 27.50, 0.50 ], [ 0.00, 0.00 ]
[2026-07-06 21:28:54] Generated sentinel field info: 0xa5 0x36 0x00 0x00 0xcc 0x01 0x03 0x02 0x02 0x6d 0x00 0x6b 0x00 0x00 0x00 0x00 0x00 0x00 0x00 0x00 0x00 0x00 0x00 0x00 0x00 0x92 0x00 0x2e 0x40 0x56 0x65 0x19 0x40 0x3d 0x0a 0x17 0x40 0x56 0x65 0x19 0x40 0x3d 0x0a 0x17 0x40 0x00 0x00 0x00 0x3f 0x00 0x00 0x68 0x41 0x00 0x00 0x00 0x00 0x00 0x00 0x00 0x00 0xfc 0x6c
[2026-07-06 21:28:54] Send self decision info: 0xa5 0x0e 0x00 0x00 0x37 0x01 0x03 0x21 0x01 0x6d 0x00 0x80 0x80 0x00 0x02 0x31 0x32 0x33 0x34 0x35 0x36 0x9d 0x8d
[2026-07-06 21:28:54] Send self decision info: 0xa5 0x0e 0x00 0x00 0x37 0x01 0x03 0x21 0x01 0x6d 0x00 0x80 0x80 0x00 0x02 0x31 0x32 0x33 0x34 0x35 0x36 0x9d 0x8d
[2026-07-06 21:28:54] Preparing to send all location info: [ 0.00, 0.00 ], [ 0.00, 2.50 ], [ 2.40, 2.36 ], [ 2.40, 2.36 ], [ 0.50, 14.50 ], [ 0.00, 0.00 ], [ 0.00, 0.00 ], [ 11.73, 11.31 ], [ 11.63, 10.98 ], [ 11.86, 5.78 ], [ 27.50, 0.50 ], [ 9.13, 6.12 ]
[2026-07-06 21:28:54] Generated sentinel field info: 0xa5 0x36 0x00 0x00 0xcc 0x01 0x03 0x02 0x02 0x6d 0x00 0x6b 0x00 0x00 0x00 0x00 0x00 0x00 0x00 0x00 0x00 0x00 0x00 0x00 0x00 0xb4 0xe3 0x1f 0x40 0x56 0x65 0x19 0x40 0x3d 0x0a 0x17 0x40 0x56 0x65 0x19 0x40 0x3d 0x0a 0x17 0x40 0x00 0x00 0x00 0x3f 0x00 0x00 0x68 0x41 0x00 0x00 0x00 0x00 0x00 0x00 0x00 0x00 0x75 0xf0
[2026-07-06 21:28:55] Send self decision info: 0xa5 0x0e 0x00 0x00 0x37 0x01 0x03 0x21 0x01 0x6d 0x00 0x80 0x80 0x00 0x02 0x31 0x32 0x33 0x34 0x35 0x36 0x9d 0x8d
[2026-07-06 21:28:55] Generated sentinel field info: 0xa5 0x36 0x00 0x00 0xcc 0x01 0x03 0x02 0x02 0x6d 0x00 0x6b 0x00 0x00 0x00 0x00 0x00 0x00 0x00 0x00 0x00 0x00 0x00 0x00 0x00 0x24 0xc0 0x21 0x40 0x56 0x65 0x19 0x40 0x3d 0x0a 0x17 0x40 0x56 0x65 0x19 0x40 0x3d 0x0a 0x17 0x40 0x00 0x00 0x00 0x3f 0x00 0x00 0x68 0x41 0x00 0x00 0x00 0x00 0x00 0x00 0x00 0x00 0x5b 0x72
[2026-07-06 21:28:55] Send self decision info: 0xa5 0x0e 0x00 0x00 0x37 0x01 0x03 0x21 0x01 0x6d 0x00 0x80 0x80 0x00 0x02 0x31 0x32 0x33 0x34 0x35 0x36 0x9d 0x8d
[2026-07-06 21:28:55] Preparing to send all location info: [ 0.00, 0.00 ], [ 0.00, 2.76 ], [ 2.40, 2.36 ], [ 2.40, 2.36 ], [ 0.50, 14.50 ], [ 0.00, 0.00 ], [ 0.00, 0.00 ], [ 11.70, 11.23 ], [ 11.58, 10.96 ], [ 11.70, 5.55 ], [ 27.50, 0.50 ], [ 9.07, 6.08 ]
[2026-07-06 21:28:55] Generated sentinel field info: 0xa5 0x36 0x00 0x00 0xcc 0x01 0x03 0x02 0x02 0x6d 0x00 0x6b 0x00 0x00 0x00 0x00 0x00 0x00 0x00 0x00 0x00 0x00 0x00 0x00 0x00 0xa6 0x5e 0x30 0x40 0x56 0x65 0x19 0x40 0x3d 0x0a 0x17 0x40 0x56 0x65 0x19 0x40 0x3d 0x0a 0x17 0x40 0x00 0x00 0x00 0x3f 0x00 0x00 0x68 0x41 0x00 0x00 0x00 0x00 0x00 0x00 0x00 0x00 0x30 0xfc
[2026-07-06 21:28:55] Send self decision info: 0xa5 0x0e 0x00 0x00 0x37 0x01 0x03 0x21 0x01 0x6d 0x00 0x80 0x80 0x00 0x02 0x31 0x32 0x33 0x34 0x35 0x36 0x9d 0x8d
[2026-07-06 21:28:55] Send self decision info: 0xa5 0x0e 0x00 0x00 0x37 0x01 0x03 0x21 0x01 0x6d 0x00 0x80 0x80 0x00 0x02 0x31 0x32 0x33 0x34 0x35 0x36 0x9d 0x8d
[2026-07-06 21:28:55] Preparing to send all location info: [ 0.00, 0.00 ], [ 0.00, 2.69 ], [ 2.40, 2.36 ], [ 2.40, 2.36 ], [ 0.50, 14.50 ], [ 0.00, 0.00 ], [ 0.00, 0.00 ], [ 11.53, 10.94 ], [ 11.32, 10.74 ], [ 11.58, 5.36 ], [ 27.50, 0.50 ], [ 9.10, 6.26 ]
[2026-07-06 21:28:55] Generated sentinel field info: 0xa5 0x36 0x00 0x00 0xcc 0x01 0x03 0x02 0x02 0x6d 0x00 0x6b 0x00 0x00 0x00 0x00 0x00 0x00 0x00 0x00 0x00 0x00 0x00 0x00 0x00 0x30 0x5a 0x2c 0x40 0x56 0x65 0x19 0x40 0x3d 0x0a 0x17 0x40 0x56 0x65 0x19 0x40 0x3d 0x0a 0x17 0x40 0x00 0x00 0x00 0x3f 0x00 0x00 0x68 0x41 0x00 0x00 0x00 0x00 0x00 0x00 0x00 0x00 0xa1 0xcb
[2026-07-06 21:28:55] Send self decision info: 0xa5 0x0e 0x00 0x00 0x37 0x01 0x03 0x21 0x01 0x6d 0x00 0x80 0x80 0x00 0x02 0x31 0x32 0x33 0x34 0x35 0x36 0x9d 0x8d
[2026-07-06 21:28:55] Generated sentinel field info: 0xa5 0x36 0x00 0x00 0xcc 0x01 0x03 0x02 0x02 0x6d 0x00 0x6b 0x00 0x00 0x00 0x00 0x00 0x00 0x00 0x00 0x00 0x00 0x00 0x00 0x00 0x23 0xd5 0x2b 0x40 0x56 0x65 0x19 0x40 0x3d 0x0a 0x17 0x40 0x56 0x65 0x19 0x40 0x3d 0x0a 0x17 0x40 0x00 0x00 0x00 0x3f 0x00 0x00 0x68 0x41 0x00 0x00 0x00 0x00 0x00 0x00 0x00 0x00 0xb8 0xf8
[2026-07-06 21:28:56] Send self decision info: 0xa5 0x0e 0x00 0x00 0x37 0x01 0x03 0x21 0x01 0x6d 0x00 0x80 0x80 0x00 0x02 0x31 0x32 0x33 0x34 0x35 0x36 0x9d 0x8d
[2026-07-06 21:28:56] Preparing to send all location info: [ 0.00, 0.00 ], [ 0.00, 2.63 ], [ 2.40, 2.36 ], [ 2.40, 2.36 ], [ 0.50, 14.50 ], [ 0.00, 0.00 ], [ 0.00, 0.00 ], [ 11.53, 10.94 ], [ 11.80, 10.62 ], [ 12.11, 5.99 ], [ 27.50, 0.50 ], [ 9.79, 6.98 ]
[2026-07-06 21:28:56] Generated sentinel field info: 0xa5 0x36 0x00 0x00 0xcc 0x01 0x03 0x02 0x02 0x6d 0x00 0x6b 0x00 0x00 0x00 0x00 0x00 0x00 0x00 0x00 0x00 0x00 0x00 0x00 0x00 0x1b 0x89 0x28 0x40 0x56 0x65 0x19 0x40 0x3d 0x0a 0x17 0x40 0x56 0x65 0x19 0x40 0x3d 0x0a 0x17 0x40 0x00 0x00 0x00 0x3f 0x00 0x00 0x68 0x41 0x00 0x00 0x00 0x00 0x00 0x00 0x00 0x00 0xc2 0x2c
[2026-07-06 21:28:56] Send self decision info: 0xa5 0x0e 0x00 0x00 0x37 0x01 0x03 0x21 0x01 0x6d 0x00 0x80 0x80 0x00 0x02 0x31 0x32 0x33 0x34 0x35 0x36 0x9d 0x8d
[2026-07-06 21:28:56] Send self decision info: 0xa5 0x0e 0x00 0x00 0x37 0x01 0x03 0x21 0x01 0x6d 0x00 0x80 0x80 0x00 0x02 0x31 0x32 0x33 0x34 0x35 0x36 0x9d 0x8d
[2026-07-06 21:28:56] Preparing to send all location info: [ 0.00, 0.00 ], [ 0.00, 2.58 ], [ 2.40, 2.36 ], [ 2.40, 2.36 ], [ 0.50, 14.50 ], [ 0.00, 0.00 ], [ 0.00, 0.00 ], [ 11.53, 10.94 ], [ 14.03, 10.88 ], [ 11.92, 5.81 ], [ 27.50, 0.50 ], [ 10.01, 7.28 ]
[2026-07-06 21:28:56] Generated sentinel field info: 0xa5 0x36 0x00 0x00 0xcc 0x01 0x03 0x02 0x02 0x6d 0x00 0x6b 0x00 0x00 0x00 0x00 0x00 0x00 0x00 0x00 0x00 0x00 0x00 0x00 0x00 0xf9 0x1e 0x25 0x40 0x56 0x65 0x19 0x40 0x3d 0x0a 0x17 0x40 0x56 0x65 0x19 0x40 0x3d 0x0a 0x17 0x40 0x00 0x00 0x00 0x3f 0x00 0x00 0x68 0x41 0x00 0x00 0x00 0x00 0x00 0x00 0x00 0x00 0x9d 0x43
[2026-07-06 21:28:56] Send self decision info: 0xa5 0x0e 0x00 0x00 0x37 0x01 0x03 0x21 0x01 0x6d 0x00 0x80 0x80 0x00 0x02 0x31 0x32 0x33 0x34 0x35 0x36 0x9d 0x8d
[2026-07-06 21:28:56] Generated sentinel field info: 0xa5 0x36 0x00 0x00 0xcc 0x01 0x03 0x02 0x02 0x6d 0x00 0x6b 0x00 0x00 0x00 0x00 0x00 0x00 0x00 0x00 0x00 0x00 0x00 0x00 0x00 0x83 0x96 0x2d 0x40 0x56 0x65 0x19 0x40 0x3d 0x0a 0x17 0x40 0x56 0x65 0x19 0x40 0x3d 0x0a 0x17 0x40 0x00 0x00 0x00 0x3f 0x00 0x00 0x68 0x41 0x00 0x00 0x00 0x00 0x00 0x00 0x00 0x00 0x6e 0xf7
[2026-07-06 21:28:56] Send self decision info: 0xa5 0x0e 0x00 0x00 0x37 0x01 0x03 0x21 0x01 0x6d 0x00 0x80 0x80 0x00 0x02 0x31 0x32 0x33 0x34 0x35 0x36 0x9d 0x8d
[2026-07-06 21:28:56] Preparing to send all location info: [ 0.00, 0.00 ], [ 0.00, 2.70 ], [ 2.40, 2.36 ], [ 2.40, 2.36 ], [ 0.50, 14.50 ], [ 0.00, 0.00 ], [ 0.00, 0.00 ], [ 11.53, 10.94 ], [ 16.29, 11.29 ], [ 12.06, 5.97 ], [ 27.50, 0.50 ], [ 10.93, 7.90 ]
[2026-07-06 21:28:56] Generated sentinel field info: 0xa5 0x36 0x00 0x00 0xcc 0x01 0x03 0x02 0x02 0x6d 0x00 0x6b 0x00 0x00 0x00 0x00 0x00 0x00 0x00 0x00 0x00 0x00 0x00 0x00 0x00 0x19 0xb5 0x2c 0x40 0x56 0x65 0x19 0x40 0x3d 0x0a 0x17 0x40 0x56 0x65 0x19 0x40 0x3d 0x0a 0x17 0x40 0x00 0x00 0x00 0x3f 0x00 0x00 0x68 0x41 0x00 0x00 0x00 0x00 0x00 0x00 0x00 0x00 0xa5 0x12
[2026-07-06 21:28:57] Send self decision info: 0xa5 0x0e 0x00 0x00 0x37 0x01 0x03 0x21 0x01 0x6d 0x00 0x80 0x80 0x00 0x02 0x31 0x32 0x33 0x34 0x35 0x36 0x9d 0x8d
[2026-07-06 21:28:57] Generated sentinel field info: 0xa5 0x36 0x00 0x00 0xcc 0x01 0x03 0x02 0x02 0x6d 0x00 0x6b 0x00 0x00 0x00 0x00 0x00 0x00 0x00 0x00 0x00 0x00 0x00 0x00 0x00 0xf7 0xaf 0x1d 0x40 0x56 0x65 0x19 0x40 0x3d 0x0a 0x17 0x40 0x56 0x65 0x19 0x40 0x3d 0x0a 0x17 0x40 0x00 0x00 0x00 0x3f 0x00 0x00 0x68 0x41 0x00 0x00 0x00 0x00 0x00 0x00 0x00 0x00 0x1a 0xe5
[2026-07-06 21:28:57] Send self decision info: 0xa5 0x0e 0x00 0x00 0x37 0x01 0x03 0x21 0x01 0x6d 0x00 0x80 0x80 0x00 0x02 0x31 0x32 0x33 0x34 0x35 0x36 0x9d 0x8d
[2026-07-06 21:28:57] Preparing to send all location info: [ 0.00, 0.00 ], [ 0.00, 2.25 ], [ 2.40, 2.36 ], [ 2.40, 2.36 ], [ 0.50, 14.50 ], [ 0.00, 0.00 ], [ 0.00, 0.00 ], [ 11.53, 10.94 ], [ 17.28, 12.11 ], [ 11.22, 5.20 ], [ 27.50, 0.50 ], [ 12.03, 8.17 ]
[2026-07-06 21:28:57] Generated sentinel field info: 0xa5 0x36 0x00 0x00 0xcc 0x01 0x03 0x02 0x02 0x6d 0x00 0x6b 0x00 0x00 0x00 0x00 0x00 0x00 0x00 0x00 0x00 0x00 0x00 0x00 0x00 0x56 0xd9 0x0f 0x40 0x56 0x65 0x19 0x40 0x3d 0x0a 0x17 0x40 0x56 0x65 0x19 0x40 0x3d 0x0a 0x17 0x40 0x00 0x00 0x00 0x3f 0x00 0x00 0x68 0x41 0x00 0x00 0x00 0x00 0x00 0x00 0x00 0x00 0x1f 0x79
[2026-07-06 21:28:57] Send self decision info: 0xa5 0x0e 0x00 0x00 0x37 0x01 0x03 0x21 0x01 0x6d 0x00 0x80 0x80 0x00 0x02 0x31 0x32 0x33 0x34 0x35 0x36 0x9d 0x8d
[2026-07-06 21:28:57] Generated sentinel field info: 0xa5 0x36 0x00 0x00 0xcc 0x01 0x03 0x02 0x02 0x6d 0x00 0x6b 0x00 0x00 0x00 0x00 0x00 0x00 0x00 0x00 0x00 0x00 0x00 0x00 0x00 0x69 0x66 0xf1 0x3f 0x56 0x65 0x19 0x40 0x3d 0x0a 0x17 0x40 0x56 0x65 0x19 0x40 0x3d 0x0a 0x17 0x40 0x00 0x00 0x00 0x3f 0x00 0x00 0x68 0x41 0x00 0x00 0x00 0x00 0x00 0x00 0x00 0x00 0xca 0x37
[2026-07-06 21:28:57] Send self decision info: 0xa5 0x0e 0x00 0x00 0x37 0x01 0x03 0x21 0x01 0x6d 0x00 0x80 0x80 0x00 0x02 0x31 0x32 0x33 0x34 0x35 0x36 0x9d 0x8d
[2026-07-06 21:28:57] Preparing to send all location info: [ 0.00, 0.00 ], [ 0.00, 1.81 ], [ 2.40, 2.36 ], [ 2.40, 2.36 ], [ 0.50, 14.50 ], [ 0.00, 0.00 ], [ 0.00, 0.00 ], [ 11.53, 10.94 ], [ 18.44, 12.36 ], [ 11.09, 5.08 ], [ 27.50, 0.50 ], [ 12.28, 8.80 ]
[2026-07-06 21:28:57] Generated sentinel field info: 0xa5 0x36 0x00 0x00 0xcc 0x01 0x03 0x02 0x02 0x6d 0x00 0x6b 0x00 0x00 0x00 0x00 0x00 0x00 0x00 0x00 0x00 0x00 0x00 0x00 0x00 0xba 0x98 0xe7 0x3f 0x56 0x65 0x19 0x40 0x3d 0x0a 0x17 0x40 0x56 0x65 0x19 0x40 0x3d 0x0a 0x17 0x40 0x00 0x00 0x00 0x3f 0x00 0x00 0x68 0x41 0x00 0x00 0x00 0x00 0x00 0x00 0x00 0x00 0xbe 0x84
[2026-07-06 21:28:57] Send self decision info: 0xa5 0x0e 0x00 0x00 0x37 0x01 0x03 0x21 0x01 0x6d 0x00 0x80 0x80 0x00 0x02 0x31 0x32 0x33 0x34 0x35 0x36 0x9d 0x8d
[2026-07-06 21:28:58] Send self decision info: 0xa5 0x0e 0x00 0x00 0x37 0x01 0x03 0x21 0x01 0x6d 0x00 0x80 0x80 0x00 0x02 0x31 0x32 0x33 0x34 0x35 0x36 0x9d 0x8d
[2026-07-06 21:28:58] Preparing to send all location info: [ 0.00, 0.00 ], [ 0.00, 1.83 ], [ 2.40, 2.36 ], [ 2.40, 2.36 ], [ 0.50, 14.50 ], [ 0.00, 0.00 ], [ 0.00, 0.00 ], [ 11.53, 10.94 ], [ 18.92, 11.64 ], [ 10.33, 4.02 ], [ 27.50, 0.50 ], [ 12.92, 9.42 ]
[2026-07-06 21:28:58] Generated sentinel field info: 0xa5 0x36 0x00 0x00 0xcc 0x01 0x03 0x02 0x02 0x6d 0x00 0x6b 0x00 0x00 0x00 0x00 0x00 0x00 0x00 0x00 0x00 0x00 0x00 0x00 0x00 0xe8 0xc3 0xe9 0x3f 0x56 0x65 0x19 0x40 0x3d 0x0a 0x17 0x40 0x56 0x65 0x19 0x40 0x3d 0x0a 0x17 0x40 0x00 0x00 0x00 0x3f 0x00 0x00 0x68 0x41 0x00 0x00 0x00 0x00 0x00 0x00 0x00 0x00 0x54 0x88
[2026-07-06 21:28:58] Send self decision info: 0xa5 0x0e 0x00 0x00 0x37 0x01 0x03 0x21 0x01 0x6d 0x00 0x80 0x80 0x00 0x02 0x31 0x32 0x33 0x34 0x35 0x36 0x9d 0x8d
[2026-07-06 21:28:58] Generated sentinel field info: 0xa5 0x36 0x00 0x00 0xcc 0x01 0x03 0x02 0x02 0x6d 0x00 0x6b 0x00 0x00 0x00 0x00 0x00 0x00 0x00 0x00 0x00 0x00 0x00 0x00 0x00 0x50 0x6b 0xec 0x3f 0x56 0x65 0x19 0x40 0x3d 0x0a 0x17 0x40 0x56 0x65 0x19 0x40 0x3d 0x0a 0x17 0x40 0x00 0x00 0x00 0x3f 0x00 0x00 0x68 0x41 0x00 0x00 0x00 0x00 0x00 0x00 0x00 0x00 0xb5 0x80
[2026-07-06 21:28:58] Send self decision info: 0xa5 0x0e 0x00 0x00 0x37 0x01 0x03 0x21 0x01 0x6d 0x00 0x80 0x80 0x00 0x02 0x31 0x32 0x33 0x34 0x35 0x36 0x9d 0x8d
[2026-07-06 21:28:58] Preparing to send all location info: [ 0.00, 0.00 ], [ 0.00, 1.82 ], [ 2.40, 2.36 ], [ 2.40, 2.36 ], [ 0.50, 14.50 ], [ 0.00, 0.00 ], [ 0.00, 0.00 ], [ 11.53, 10.94 ], [ 19.10, 11.29 ], [ 9.18, 2.78 ], [ 27.50, 0.50 ], [ 13.47, 9.88 ]
[2026-07-06 21:28:58] Generated sentinel field info: 0xa5 0x36 0x00 0x00 0xcc 0x01 0x03 0x02 0x02 0x6d 0x00 0x6b 0x00 0x00 0x00 0x00 0x00 0x00 0x00 0x00 0x00 0x00 0x00 0x00 0x00 0x56 0x73 0xe8 0x3f 0x56 0x65 0x19 0x40 0x3d 0x0a 0x17 0x40 0x56 0x65 0x19 0x40 0x3d 0x0a 0x17 0x40 0x00 0x00 0x00 0x3f 0x00 0x00 0x68 0x41 0x00 0x00 0x00 0x00 0x00 0x00 0x00 0x00 0x19 0x84
[2026-07-06 21:28:58] Send self decision info: 0xa5 0x0e 0x00 0x00 0x37 0x01 0x03 0x21 0x01 0x6d 0x00 0x80 0x80 0x00 0x02 0x31 0x32 0x33 0x34 0x35 0x36 0x9d 0x8d
[2026-07-06 21:28:58] Send self decision info: 0xa5 0x0e 0x00 0x00 0x37 0x01 0x03 0x21 0x01 0x6d 0x00 0x80 0x80 0x00 0x02 0x31 0x32 0x33 0x34 0x35 0x36 0x9d 0x8d
[2026-07-06 21:28:58] Preparing to send all location info: [ 0.00, 0.00 ], [ 0.00, 1.75 ], [ 2.40, 2.36 ], [ 2.40, 2.36 ], [ 0.50, 14.50 ], [ 0.00, 0.00 ], [ 0.00, 0.00 ], [ 18.61, 10.33 ], [ 19.10, 11.29 ], [ 10.36, 4.22 ], [ 27.50, 0.50 ], [ 13.49, 10.02 ]
[2026-07-06 21:28:58] Generated sentinel field info: 0xa5 0x36 0x00 0x00 0xcc 0x01 0x03 0x02 0x02 0x6d 0x00 0x6b 0x00 0x00 0x00 0x00 0x00 0x00 0x00 0x00 0x00 0x00 0x00 0x00 0x00 0xeb 0x7d 0xe0 0x3f 0x56 0x65 0x19 0x40 0x3d 0x0a 0x17 0x40 0x56 0x65 0x19 0x40 0x3d 0x0a 0x17 0x40 0x00 0x00 0x00 0x3f 0x00 0x00 0x68 0x41 0x00 0x00 0x00 0x00 0x00 0x00 0x00 0x00 0x9a 0x2c
[2026-07-06 21:28:59] Send self decision info: 0xa5 0x0e 0x00 0x00 0x37 0x01 0x03 0x21 0x01 0x6d 0x00 0x80 0x80 0x00 0x02 0x31 0x32 0x33 0x34 0x35 0x36 0x9d 0x8d
[2026-07-06 21:28:59] Generated sentinel field info: 0xa5 0x36 0x00 0x00 0xcc 0x01 0x03 0x02 0x02 0x6d 0x00 0x6b 0x00 0x00 0x00 0x00 0x00 0x00 0x00 0x00 0x00 0x00 0x00 0x00 0x00 0xb1 0x66 0xdc 0x3f 0x56 0x65 0x19 0x40 0x3d 0x0a 0x17 0x40 0x56 0x65 0x19 0x40 0x3d 0x0a 0x17 0x40 0x00 0x00 0x00 0x3f 0x00 0x00 0x68 0x41 0x00 0x00 0x00 0x00 0x00 0x00 0x00 0x00 0x1b 0xc1
[2026-07-06 21:28:59] Send self decision info: 0xa5 0x0e 0x00 0x00 0x37 0x01 0x03 0x21 0x01 0x6d 0x00 0x80 0x80 0x00 0x02 0x31 0x32 0x33 0x34 0x35 0x36 0x9d 0x8d
[2026-07-06 21:28:59] Preparing to send all location info: [ 0.00, 0.00 ], [ 0.00, 1.81 ], [ 2.40, 2.36 ], [ 2.40, 2.36 ], [ 0.50, 14.50 ], [ 0.00, 0.00 ], [ 0.00, 0.00 ], [ 18.40, 10.39 ], [ 18.20, 10.48 ], [ 11.79, 5.69 ], [ 27.50, 0.50 ], [ 13.53, 10.03 ]
[2026-07-06 21:28:59] Generated sentinel field info: 0xa5 0x36 0x00 0x00 0xcc 0x01 0x03 0x02 0x02 0x6d 0x00 0x6b 0x00 0x00 0x00 0x00 0x00 0x00 0x00 0x00 0x00 0x00 0x00 0x00 0x00 0x79 0x22 0xe7 0x3f 0x56 0x65 0x19 0x40 0x3d 0x0a 0x17 0x40 0x56 0x65 0x19 0x40 0x3d 0x0a 0x17 0x40 0x00 0x00 0x00 0x3f 0x00 0x00 0x68 0x41 0x00 0x00 0x00 0x00 0x00 0x00 0x00 0x00 0x5d 0x18
[2026-07-06 21:28:59] Send self decision info: 0xa5 0x0e 0x00 0x00 0x37 0x01 0x03 0x21 0x01 0x6d 0x00 0x80 0x80 0x00 0x02 0x31 0x32 0x33 0x34 0x35 0x36 0x9d 0x8d
[2026-07-06 21:28:59] Send self decision info: 0xa5 0x0e 0x00 0x00 0x37 0x01 0x03 0x21 0x01 0x6d 0x00 0x80 0x80 0x00 0x02 0x31 0x32 0x33 0x34 0x35 0x36 0x9d 0x8d
[2026-07-06 21:28:59] Preparing to send all location info: [ 0.00, 0.00 ], [ 0.00, 2.02 ], [ 2.40, 2.36 ], [ 2.40, 2.36 ], [ 0.50, 14.50 ], [ 0.00, 0.00 ], [ 0.00, 0.00 ], [ 17.26, 10.25 ], [ 17.30, 10.18 ], [ 12.07, 5.99 ], [ 27.50, 0.50 ], [ 13.57, 10.03 ]
[2026-07-06 21:28:59] Generated sentinel field info: 0xa5 0x36 0x00 0x00 0xcc 0x01 0x03 0x02 0x02 0x6d 0x00 0x6b 0x00 0x00 0x00 0x00 0x00 0x00 0x00 0x00 0x00 0x00 0x00 0x00 0x00 0xe8 0x8d 0x01 0x40 0x56 0x65 0x19 0x40 0x3d 0x0a 0x17 0x40 0x56 0x65 0x19 0x40 0x3d 0x0a 0x17 0x40 0x00 0x00 0x00 0x3f 0x00 0x00 0x68 0x41 0x00 0x00 0x00 0x00 0x00 0x00 0x00 0x00 0xda 0x37
[2026-07-06 21:28:59] Send self decision info: 0xa5 0x0e 0x00 0x00 0x37 0x01 0x03 0x21 0x01 0x6d 0x00 0x80 0x80 0x00 0x02 0x31 0x32 0x33 0x34 0x35 0x36 0x9d 0x8d
[2026-07-06 21:28:59] Generated sentinel field info: 0xa5 0x36 0x00 0x00 0xcc 0x01 0x03 0x02 0x02 0x6d 0x00 0x6b 0x00 0x00 0x00 0x00 0x00 0x00 0x00 0x00 0x00 0x00 0x00 0x00 0x00 0x35 0x2d 0x03 0x40 0x56 0x65 0x19 0x40 0x3d 0x0a 0x17 0x40 0x56 0x65 0x19 0x40 0x3d 0x0a 0x17 0x40 0x00 0x00 0x00 0x3f 0x00 0x00 0x68 0x41 0x00 0x00 0x00 0x00 0x00 0x00 0x00 0x00 0x4f 0x87
[2026-07-06 21:29:00] Send self decision info: 0xa5 0x0e 0x00 0x00 0x37 0x01 0x03 0x21 0x01 0x6d 0x00 0x80 0x80 0x00 0x02 0x31 0x32 0x33 0x34 0x35 0x36 0x9d 0x8d
[2026-07-06 21:29:00] Preparing to send all location info: [ 0.00, 0.00 ], [ 0.00, 2.03 ], [ 2.40, 2.36 ], [ 2.40, 2.36 ], [ 0.50, 14.50 ], [ 0.00, 0.00 ], [ 0.00, 0.00 ], [ 17.26, 10.25 ], [ 17.65, 9.62 ], [ 10.86, 4.92 ], [ 27.50, 0.50 ], [ 13.57, 10.03 ]
[2026-07-06 21:29:00] Send self decision info: 0xa5 0x0e 0x00 0x00 0x37 0x01 0x03 0x21 0x01 0x6d 0x00 0x80 0x80 0x00 0x02 0x31 0x32 0x33 0x34 0x35 0x36 0x9d 0x8d
[2026-07-06 21:29:00] Generated sentinel field info: 0xa5 0x36 0x00 0x00 0xcc 0x01 0x03 0x02 0x02 0x6d 0x00 0x6b 0x00 0x00 0x00 0x00 0x00 0x00 0x00 0x00 0x00 0x00 0x00 0x00 0x00 0x7b 0x92 0x01 0x40 0x56 0x65 0x19 0x40 0x3d 0x0a 0x17 0x40 0x56 0x65 0x19 0x40 0x3d 0x0a 0x17 0x40 0x00 0x00 0x00 0x3f 0x00 0x00 0x68 0x41 0x00 0x00 0x00 0x00 0x00 0x00 0x00 0x00 0x23 0x44
[2026-07-06 21:29:00] Send self decision info: 0xa5 0x0e 0x00 0x00 0x37 0x01 0x03 0x21 0x01 0x6d 0x00 0x80 0x80 0x00 0x02 0x31 0x32 0x33 0x34 0x35 0x36 0x9d 0x8d
[2026-07-06 21:29:00] Preparing to send all location info: [ 0.00, 0.00 ], [ 0.00, 1.99 ], [ 2.40, 2.36 ], [ 2.40, 2.36 ], [ 0.50, 14.50 ], [ 0.00, 0.00 ], [ 0.00, 0.00 ], [ 17.26, 10.25 ], [ 17.65, 9.62 ], [ 9.78, 3.12 ], [ 27.50, 0.50 ], [ 13.57, 10.03 ]
[2026-07-06 21:29:00] Generated sentinel field info: 0xa5 0x36 0x00 0x00 0xcc 0x01 0x03 0x02 0x02 0x6d 0x00 0x6b 0x00 0x00 0x00 0x00 0x00 0x00 0x00 0x00 0x00 0x00 0x00 0x00 0x00 0xb6 0x27 0xfe 0x3f 0x56 0x65 0x19 0x40 0x3d 0x0a 0x17 0x40 0x56 0x65 0x19 0x40 0x3d 0x0a 0x17 0x40 0x00 0x00 0x00 0x3f 0x00 0x00 0x68 0x41 0x00 0x00 0x00 0x00 0x00 0x00 0x00 0x00 0x3f 0x0f
